<html>
<body>
<pre>
<h1>µVision Build Log</h1>
<h2>Project:</h2>
F:\WorkStation\miniSTM32\USER\ITEMP.uvproj
Project File Date:  11/22/2016

<h2>Output:</h2>
Rebuild target 'Target 1'
compiling main.c...
compiling stm32f10x_it.c...
compiling system_stm32f10x.c...
compiling led.c...
compiling lcd.c...
compiling tsensor.c...
compiling delay.c...
compiling sys.c...
compiling usart.c...
compiling core_cm3.c...
assembling startup_stm32f10x_hd.s...
compiling stm32f10x_gpio.c...
compiling stm32f10x_rcc.c...
compiling stm32f10x_usart.c...
compiling misc.c...
compiling stm32f10x_adc.c...
linking...
Program Size: Code=37034 RO-data=6634 RW-data=56 ZI-data=1848  
FromELF: creating hex file...
"..\OBJ\ITEMP.axf" - 0 Error(s), 0 Warning(s).
xf" - 1 Error(s), 0 Warning(s).
Target not created
d
reated
