<html>
<body>
<pre>
<h1>µVision Build Log</h1>
<h2>Project:</h2>
F:\WorkStation\miniSTM32\USER\ITEMP.uvproj
Project File Date:  11/22/2016

<h2>Output:</h2>
Rebuild target 'Target 1'
compiling main.c...
main.c(14): warning:  #177-D: variable "t" was declared but never referenced
        u8 t;
main.c(15): warning:  #177-D: variable "len" was declared but never referenced
        u8 len;
main.c(16): warning:  #177-D: variable "times" was declared but never referenced
        u16 times = 0;
main.c: 3 warnings, 0 errors
compiling stm32f10x_it.c...
compiling system_stm32f10x.c...
compiling led.c...
compiling lcd.c...
compiling tsensor.c...
compiling delay.c...
compiling sys.c...
compiling usart.c...
compiling core_cm3.c...
assembling startup_stm32f10x_hd.s...
compiling stm32f10x_gpio.c...
compiling stm32f10x_rcc.c...
compiling stm32f10x_usart.c...
compiling misc.c...
compiling stm32f10x_adc.c...
linking...
Program Size: Code=36598 RO-data=6634 RW-data=56 ZI-data=1848  
FromELF: creating hex file...
"..\OBJ\ITEMP.axf" - 0 Error(s), 3 Warning(s).
</pre>
</body>
</html>
RO-data=6634 RW-data=56 ZI-data=1848  
FromELF: creating hex file...
"..\OBJ\ITEMP.axf" - 0 Error(s), 4 Warning(s).
