Product: MDK-ARM Professional 5.10
Component: ARM Compiler 5.04 update 1 (build 49)
Tool: armlink [5040049]

==============================================================================

Section Cross References

    main.o(.text) refers to _printf_percent.o(.ARM.Collect$$_printf_percent$$00000000) for _printf_percent
    main.o(.text) refers to _printf_u.o(.ARM.Collect$$_printf_percent$$0000000A) for _printf_u
    main.o(.text) refers to _printf_dec.o(.text) for _printf_int_dec
    main.o(.text) refers to _printf_f.o(.ARM.Collect$$_printf_percent$$00000003) for _printf_f
    main.o(.text) refers to printf1.o(x$fpl$printf1) for _printf_fp_dec
    main.o(.text) refers to delay.o(.text) for delay_init
    main.o(.text) refers to usart.o(.text) for uart_init
    main.o(.text) refers to led.o(.text) for LED_Init
    main.o(.text) refers to lcd.o(.text) for LCD_Init
    main.o(.text) refers to tsensor.o(.text) for T_Adc_Init
    main.o(.text) refers to noretval__2printf.o(.text) for __2printf
    main.o(.text) refers to fflt_clz.o(x$fpl$ffltu) for __aeabi_ui2f
    main.o(.text) refers to f2d.o(x$fpl$f2d) for __aeabi_f2d
    main.o(.text) refers to dmul.o(x$fpl$dmul) for __aeabi_dmul
    main.o(.text) refers to d2f.o(x$fpl$d2f) for __aeabi_d2f
    main.o(.text) refers to ffixu.o(x$fpl$ffixu) for __aeabi_f2uiz
    main.o(.text) refers to faddsub_clz.o(x$fpl$frsb) for __aeabi_frsub
    main.o(.text) refers to fmul.o(x$fpl$fmul) for __aeabi_fmul
    main.o(.text) refers to daddsub_clz.o(x$fpl$drsb) for __aeabi_drsub
    main.o(.text) refers to ddiv.o(x$fpl$ddiv) for __aeabi_ddiv
    main.o(.text) refers to daddsub_clz.o(x$fpl$dadd) for __aeabi_dadd
    main.o(.text) refers to lcd.o(.data) for POINT_COLOR
    main.o(.text) refers to usart.o(.data) for USART_RX_STA
    main.o(.text) refers to usart.o(.bss) for USART_RX_BUF
    system_stm32f10x.o(.text) refers to system_stm32f10x.o(.data) for SystemCoreClock
    led.o(.text) refers to stm32f10x_rcc.o(.text) for RCC_APB2PeriphClockCmd
    led.o(.text) refers to stm32f10x_gpio.o(.text) for GPIO_Init
    lcd.o(.text) refers to _printf_percent.o(.ARM.Collect$$_printf_percent$$00000000) for _printf_percent
    lcd.o(.text) refers to _printf_x.o(.ARM.Collect$$_printf_percent$$0000000C) for _printf_x
    lcd.o(.text) refers to _printf_hex_int.o(.text) for _printf_longlong_hex
    lcd.o(.text) refers to stm32f10x_gpio.o(.text) for GPIO_ResetBits
    lcd.o(.text) refers to delay.o(.text) for delay_us
    lcd.o(.text) refers to lcd.o(.bss) for lcddev
    lcd.o(.text) refers to lcd.o(.data) for POINT_COLOR
    lcd.o(.text) refers to stm32f10x_rcc.o(.text) for RCC_APB2PeriphClockCmd
    lcd.o(.text) refers to noretval__2printf.o(.text) for __2printf
    lcd.o(.text) refers to lcd.o(.constdata) for asc2_1206
    tsensor.o(.text) refers to stm32f10x_rcc.o(.text) for RCC_APB2PeriphClockCmd
    tsensor.o(.text) refers to stm32f10x_adc.o(.text) for ADC_DeInit
    tsensor.o(.text) refers to delay.o(.text) for delay_ms
    delay.o(.text) refers to misc.o(.text) for SysTick_CLKSourceConfig
    delay.o(.text) refers to system_stm32f10x.o(.data) for SystemCoreClock
    delay.o(.text) refers to delay.o(.data) for fac_us
    sys.o(.text) refers to misc.o(.text) for NVIC_PriorityGroupConfig
    usart.o(.text) refers (Special) to use_no_semi_2.o(.text) for __use_no_semihosting
    usart.o(.text) refers to stm32f10x_rcc.o(.text) for RCC_APB2PeriphClockCmd
    usart.o(.text) refers to stm32f10x_usart.o(.text) for USART_DeInit
    usart.o(.text) refers to stm32f10x_gpio.o(.text) for GPIO_Init
    usart.o(.text) refers to misc.o(.text) for NVIC_Init
    usart.o(.text) refers to usart.o(.data) for USART_RX_STA
    usart.o(.text) refers to usart.o(.bss) for USART_RX_BUF
    usart.o(.bss) refers (Special) to use_no_semi_2.o(.text) for __use_no_semihosting
    usart.o(.data) refers (Special) to use_no_semi_2.o(.text) for __use_no_semihosting
    startup_stm32f10x_hd.o(STACK) refers (Special) to heapauxi.o(.text) for __use_two_region_memory
    startup_stm32f10x_hd.o(HEAP) refers (Special) to heapauxi.o(.text) for __use_two_region_memory
    startup_stm32f10x_hd.o(RESET) refers (Special) to heapauxi.o(.text) for __use_two_region_memory
    startup_stm32f10x_hd.o(RESET) refers to startup_stm32f10x_hd.o(STACK) for __initial_sp
    startup_stm32f10x_hd.o(RESET) refers to startup_stm32f10x_hd.o(.text) for Reset_Handler
    startup_stm32f10x_hd.o(RESET) refers to stm32f10x_it.o(.text) for NMI_Handler
    startup_stm32f10x_hd.o(RESET) refers to usart.o(.text) for USART1_IRQHandler
    startup_stm32f10x_hd.o(.text) refers (Special) to heapauxi.o(.text) for __use_two_region_memory
    startup_stm32f10x_hd.o(.text) refers to system_stm32f10x.o(.text) for SystemInit
    startup_stm32f10x_hd.o(.text) refers to __main.o(!!!main) for __main
    startup_stm32f10x_hd.o(.text) refers to startup_stm32f10x_hd.o(HEAP) for Heap_Mem
[...]
    libshutdown.o(.ARM.Collect$$libshutdown$$00000000) refers (Special) to libshutdown2.o(.ARM.Collect$$libshutdown$$00000006) for __rt_lib_shutdown_fp_trap_1
    libshutdown.o(.ARM.Collect$$libshutdown$$00000000) refers (Special) to libshutdown2.o(.ARM.Collect$$libshutdown$$0000000E) for __rt_lib_shutdown_heap_1
    libshutdown.o(.ARM.Collect$$libshutdown$$00000000) refers (Special) to libshutdown2.o(.ARM.Collect$$libshutdown$$0000000F) for __rt_lib_shutdown_return
    libshutdown.o(.ARM.Collect$$libshutdown$$00000000) refers (Special) to libshutdown2.o(.ARM.Collect$$libshutdown$$00000009) for __rt_lib_shutdown_signal_1
    libshutdown.o(.ARM.Collect$$libshutdown$$00000000) refers (Special) to libshutdown2.o(.ARM.Collect$$libshutdown$$00000003) for __rt_lib_shutdown_stdio_1
    libshutdown.o(.ARM.Collect$$libshutdown$$00000000) refers (Special) to libshutdown2.o(.ARM.Collect$$libshutdown$$0000000B) for __rt_lib_shutdown_user_alloc_1
    rt_raise.o(.text) refers to __raise.o(.text) for __raise
    rt_raise.o(.text) refers to usart.o(.text) for _sys_exit
    defsig_exit.o(.text) refers to usart.o(.text) for _sys_exit
    defsig_rtmem_inner.o(.text) refers to defsig_general.o(.text) for __default_signal_display
    __raise.o(.text) refers to defsig.o(CL$$defsig) for __default_signal_handler
    defsig_general.o(.text) refers to sys_wrch.o(.text) for _ttywrch
    sys_wrch.o(.text) refers (Special) to use_no_semi.o(.text) for __I$use$semihosting
    sys_wrch.o(.text) refers (Special) to indicate_semi.o(.text) for __semihosting_library_function
    defsig.o(CL$$defsig) refers to defsig_rtmem_inner.o(.text) for __rt_SIGRTMEM_inner
    defsig_abrt_inner.o(.text) refers to defsig_general.o(.text) for __default_signal_display
    defsig_fpe_inner.o(.text) refers to defsig_general.o(.text) for __default_signal_display
    defsig_rtred_inner.o(.text) refers to defsig_general.o(.text) for __default_signal_display
    defsig_stak_inner.o(.text) refers to defsig_general.o(.text) for __default_signal_display
    defsig_pvfn_inner.o(.text) refers to defsig_general.o(.text) for __default_signal_display
    defsig_cppl_inner.o(.text) refers to defsig_general.o(.text) for __default_signal_display
    defsig_segv_inner.o(.text) refers to defsig_general.o(.text) for __default_signal_display
    defsig_other.o(.text) refers to defsig_general.o(.text) for __default_signal_display


==============================================================================

Removing Unused input sections from the image.

    Removing sys.o(.text), (12 bytes).
    Removing core_cm3.o(.emb_text), (32 bytes).

2 unused section(s) (total 44 bytes) removed from the image.

==============================================================================

Image Symbol Table

    Local Symbols

    Symbol Name                              Value     Ov Type        Size  Object(Section)

    ../clib/angel/boardlib.s                 0x00000000   Number         0  boardshut.o ABSOLUTE
    ../clib/angel/boardlib.s                 0x00000000   Number         0  boardinit1.o ABSOLUTE
    ../clib/angel/boardlib.s                 0x00000000   Number         0  boardinit2.o ABSOLUTE
    ../clib/angel/boardlib.s                 0x00000000   Number         0  boardinit3.o ABSOLUTE
    ../clib/angel/handlers.s                 0x00000000   Number         0  __scatter_zi.o ABSOLUTE
    ../clib/angel/handlers.s                 0x00000000   Number         0  __scatter_copy.o ABSOLUTE
    ../clib/angel/kernel.s                   0x00000000   Number         0  rtexit.o ABSOLUTE
    ../clib/angel/kernel.s                   0x00000000   Number         0  rtentry4.o ABSOLUTE
    ../clib/angel/kernel.s                   0x00000000   Number         0  rtentry2.o ABSOLUTE
    ../clib/angel/kernel.s                   0x00000000   Number         0  rtexit2.o ABSOLUTE
    ../clib/angel/kernel.s                   0x00000000   Number         0  rtentry.o ABSOLUTE
    ../clib/angel/rt.s                       0x00000000   Number         0  rt_locale_intlibspace.o ABSOLUTE
    ../clib/angel/rt.s                       0x00000000   Number         0  rt_locale.o ABSOLUTE
    ../clib/angel/rt.s                       0x00000000   Number         0  rt_raise.o ABSOLUTE
    ../clib/angel/scatter.s                  0x00000000   Number         0  __scatter.o ABSOLUTE
    ../clib/angel/startup.s                  0x00000000   Number         0  __main.o ABSOLUTE
    ../clib/angel/sys.s                      0x00000000   Number         0  use_no_semi_2.o ABSOLUTE
    ../clib/angel/sys.s                      0x00000000   Number         0  indicate_semi.o ABSOLUTE
    ../clib/angel/sys.s                      0x00000000   Number         0  use_no_semi.o ABSOLUTE
    ../clib/angel/sys.s                      0x00000000   Number         0  libspace.o ABSOLUTE
    ../clib/angel/sys.s                      0x00000000   Number         0  sys_stackheap_outer.o ABSOLUTE
    ../clib/angel/sysapp.c                   0x00000000   Number         0  sys_wrch.o ABSOLUTE
    ../clib/angel/sysapp.c                   0x00000000   Number         0  sys_command.o ABSOLUTE
    ../clib/armsys.c                         0x00000000   Number         0  argv_veneer.o ABSOLUTE
    ../clib/armsys.c                         0x00000000   Number         0  argv_veneer.o ABSOLUTE
    ../clib/armsys.c                         0x00000000   Number         0  _get_argv_nomalloc.o ABSOLUTE
    ../clib/armsys.c                         0x00000000   Number         0  no_argv.o ABSOLUTE
    ../clib/bigflt.c                         0x00000000   Number         0  bigflt0.o ABSOLUTE
    ../clib/btod.s                           0x00000000   Number         0  btod.o ABSOLUTE
    ../clib/heapalloc.c                      0x00000000   Number         0  hrguard.o ABSOLUTE
    ../clib/heapaux.c                        0x00000000   Number         0  heapauxi.o ABSOLUTE
    ../clib/libinit.s                        0x00000000   Number         0  libshutdown2.o ABSOLUTE
    ../clib/libinit.s                        0x00000000   Number         0  libshutdown.o ABSOLUTE
    ../clib/libinit.s                        0x00000000   Number         0  libinit2.o ABSOLUTE
    ../clib/libinit.s                        0x00000000   Number         0  libinit.o ABSOLUTE
    ../clib/locale.s                         0x00000000   Number         0  lc_numeric_c.o ABSOLUTE
    ../clib/longlong.s                       0x00000000   Number         0  lludiv10.o ABSOLUTE
    ../clib/memcpset.s                       0x00000000   Number         0  strcmpv7m.o ABSOLUTE
    ../clib/printf.c                         0x00000000   Number         0  _printf_hex_ptr.o ABSOLUTE
    ../clib/printf.c                         0x00000000   Number         0  _printf_intcommon.o ABSOLUTE
    ../clib/printf.c                         0x00000000   Number         0  _printf_fp_dec.o ABSOLUTE
    ../clib/printf.c                         0x00000000   Number         0  _printf_hex_int_ll.o ABSOLUTE
    ../clib/printf.c                         0x00000000   Number         0  _printf_char_file.o ABSOLUTE
    ../clib/printf.c                         0x00000000   Number         0  _printf_hex_int_ptr.o ABSOLUTE
    ../clib/printf.c                         0x00000000   Number         0  _printf_hex_ll_ptr.o ABSOLUTE
    ../clib/printf.c                         0x00000000   Number         0  _printf_hex_int_ll_ptr.o ABSOLUTE
    ../clib/printf.c                         0x00000000   Number         0  __printf_flags.o ABSOLUTE
    ../clib/printf.c                         0x00000000   Number         0  __printf_ss.o ABSOLUTE
    ../clib/printf.c                         0x00000000   Number         0  __printf_ss_wp.o ABSOLUTE
    ../clib/printf.c                         0x00000000   Number         0  __printf_flags_ss.o ABSOLUTE
    ../clib/printf.c                         0x00000000   Number         0  __printf_wp.o ABSOLUTE
    ../clib/printf.c                         0x00000000   Number         0  __printf_flags_wp.o ABSOLUTE
    ../clib/printf.c                         0x00000000   Number         0  __printf_flags_ss_wp.o ABSOLUTE
    ../clib/printf.c                         0x00000000   Number         0  __printf_nopercent.o ABSOLUTE
    ../clib/printf.c                         0x00000000   Number         0  _printf_fp_infnan.o ABSOLUTE
    ../clib/printf.c                         0x00000000   Number         0  _printf_char_common.o ABSOLUTE
    ../clib/printf.c                         0x00000000   Number         0  _printf_hex_int.o ABSOLUTE
    ../clib/printf.c                         0x00000000   Number         0  __2printf.o ABSOLUTE
    ../clib/printf.c                         0x00000000   Number         0  noretval__2printf.o ABSOLUTE
    ../clib/printf.c                         0x00000000   Number         0  __printf.o ABSOLUTE
    ../clib/printf.c                         0x00000000   Number         0  _printf_dec.o ABSOLUTE
    ../clib/printf.c                         0x00000000   Number         0  _printf_hex_ll.o ABSOLUTE
    ../clib/printf_percent.s                 0x00000000   Number         0  _printf_x.o ABSOLUTE
    ../clib/printf_percent.s                 0x00000000   Number         0  _printf_percent.o ABSOLUTE
    ../clib/printf_percent.s                 0x00000000   Number         0  _printf_f.o ABSOLUTE
    ../clib/printf_percent.s                 0x00000000   Number         0  _printf_percent_end.o ABSOLUTE
    ../clib/printf_percent.s                 0x00000000   Number         0  _printf_u.o ABSOLUTE
    ../clib/signal.c                         0x00000000   Number         0  defsig_exit.o ABSOLUTE
    ../clib/signal.c                         0x00000000   Number         0  defsig_rtmem_inner.o ABSOLUTE
    ../clib/signal.c                         0x00000000   Number         0  defsig_other.o ABSOLUTE
    ../clib/signal.c                         0x00000000   Number         0  defsig_cppl_inner.o ABSOLUTE
    ../clib/signal.c                         0x00000000   Number         0  __raise.o ABSOLUTE
    ../clib/signal.c                         0x00000000   Number         0  defsig_general.o ABSOLUTE
    ../clib/signal.c                         0x00000000   Number         0  defsig_stak_inner.o ABSOLUTE
    ../clib/signal.c                         0x00000000   Number         0  defsig_rtred_inner.o ABSOLUTE
    ../clib/signal.c                         0x00000000   Number         0  defsig_pvfn_inner.o ABSOLUTE
    ../clib/signal.c                         0x00000000   Number         0  defsig_fpe_inner.o ABSOLUTE
    ../clib/signal.c                         0x00000000   Number         0  defsig_abrt_inner.o ABSOLUTE
    ../clib/signal.c                         0x00000000   Number         0  defsig_segv_inner.o ABSOLUTE
    ../clib/signal.c                         0x00000000   Number         0  defsig_rtmem_outer.o ABSOLUTE
    ../clib/signal.c                         0x00000000   Number         0  defsig_rtmem_formal.o ABSOLUTE
    ../clib/signal.s                         0x00000000   Number         0  defsig.o ABSOLUTE
    ../clib/stdio.c                          0x00000000   Number         0  ferror_locked.o ABSOLUTE
    ../clib/stdio.c                          0x00000000   Number         0  ferror.o ABSOLUTE
    ../clib/stdlib.c                         0x00000000   Number         0  exit.o ABSOLUTE
    ../fplib/d2f.s                           0x00000000   Number         0  d2f.o ABSOLUTE
    ../fplib/daddsub.s                       0x00000000   Number         0  daddsub_clz.o ABSOLUTE
    ../fplib/ddiv.s                          0x00000000   Number         0  ddiv.o ABSOLUTE
    ../fplib/dmul.s                          0x00000000   Number         0  dmul.o ABSOLUTE
    ../fplib/dnaninf.s                       0x00000000   Number         0  dnaninf.o ABSOLUTE
    ../fplib/dretinf.s                       0x00000000   Number         0  dretinf.o ABSOLUTE
    ../fplib/f2d.s                           0x00000000   Number         0  f2d.o ABSOLUTE
    ../fplib/faddsub.s                       0x00000000   Number         0  faddsub_clz.o ABSOLUTE
    ../fplib/ffixu.s                         0x00000000   Number         0  ffixu.o ABSOLUTE
    ../fplib/fflt.s                          0x00000000   Number         0  fflt_clz.o ABSOLUTE
    ../fplib/fmul.s                          0x00000000   Number         0  fmul.o ABSOLUTE
    ../fplib/fnaninf.s                       0x00000000   Number         0  fnaninf.o ABSOLUTE
    ../fplib/fpinit.s                        0x00000000   Number         0  fpinit.o ABSOLUTE
    ../fplib/fretinf.s                       0x00000000   Number         0  fretinf.o ABSOLUTE
    ../fplib/istatus.s                       0x00000000   Number         0  istatus.o ABSOLUTE
    ../fplib/printf1.s                       0x00000000   Number         0  printf1.o ABSOLUTE
    ../fplib/usenofp.s                       0x00000000   Number         0  usenofp.o ABSOLUTE
    ../mathlib/fpclassify.c                  0x00000000   Number         0  fpclassify.o ABSOLUTE
    ..\CORE\core_cm3.c                       0x00000000   Number         0  core_cm3.o ABSOLUTE
    ..\CORE\startup_stm32f10x_hd.s           0x00000000   Number         0  startup_stm32f10x_hd.o ABSOLUTE
    ..\HARDWARE\ITEMP\tsensor.c              0x00000000   Number         0  tsensor.o ABSOLUTE
    ..\HARDWARE\LCD\lcd.c                    0x00000000   Number         0  lcd.o ABSOLUTE
    ..\HARDWARE\LED\led.c                    0x00000000   Number         0  led.o ABSOLUTE
    ..\STM32F10x_FWLib\src\misc.c            0x00000000   Number         0  misc.o ABSOLUTE
    ..\STM32F10x_FWLib\src\stm32f10x_adc.c   0x00000000   Number         0  stm32f10x_adc.o ABSOLUTE
    ..\STM32F10x_FWLib\src\stm32f10x_gpio.c  0x00000000   Number         0  stm32f10x_gpio.o ABSOLUTE
    ..\STM32F10x_FWLib\src\stm32f10x_rcc.c   0x00000000   Number         0  stm32f10x_rcc.o ABSOLUTE
    ..\STM32F10x_FWLib\src\stm32f10x_usart.c 0x00000000   Number         0  stm32f10x_usart.o ABSOLUTE
    ..\SYSTEM\delay\delay.c                  0x00000000   Number         0  delay.o ABSOLUTE
    ..\SYSTEM\sys\sys.c                      0x00000000   Number         0  sys.o ABSOLUTE
    ..\SYSTEM\usart\usart.c                  0x00000000   Number         0  usart.o ABSOLUTE
    ..\\CORE\\core_cm3.c                     0x00000000   Number         0  core_cm3.o ABSOLUTE
    dc.s                                     0x00000000   Number         0  dc.o ABSOLUTE
    main.c                                   0x00000000   Number         0  main.o ABSOLUTE
    stm32f10x_it.c                           0x00000000   Number         0  stm32f10x_it.o ABSOLUTE
    system_stm32f10x.c                       0x00000000   Number         0  system_stm32f10x.o ABSOLUTE
    RESET                                    0x08000000   Section      304  startup_stm32f10x_hd.o(RESET)
    !!!main                                  0x08000130   Section        8  __main.o(!!!main)
    !!!scatter                               0x08000138   Section       52  __scatter.o(!!!scatter)
    !!handler_copy                           0x0800016c   Section       26  __scatter_copy.o(!!handler_copy)
    !!handler_zi                             0x08000188   Section       28  __scatter_zi.o(!!handler_zi)
    .ARM.Collect$$_printf_percent$$00000000  0x080001a4   Section        0  _printf_percent.o(.ARM.Collect$$_printf_percent$$00000000)
    .ARM.Collect$$_printf_percent$$00000003  0x080001a4   Section        6  _printf_f.o(.ARM.Collect$$_printf_percent$$00000003)
    .ARM.Collect$$_printf_percent$$0000000A  0x080001aa   Section        6  _printf_u.o(.ARM.Collect$$_printf_percent$$0000000A)
    .ARM.Collect$$_printf_percent$$0000000C  0x080001b0   Section        6  _printf_x.o(.ARM.Collect$$_printf_percent$$0000000C)
    .ARM.Collect$$_printf_percent$$00000017  0x080001b6   Section        4  _printf_percent_end.o(.ARM.Collect$$_printf_percent$$00000017)
    .ARM.Collect$$libinit$$00000000          0x080001ba   Section        2  libinit.o(.ARM.Collect$$libinit$$00000000)
    .ARM.Collect$$libinit$$00000002          0x080001bc   Section        0  libinit2.o(.ARM.Collect$$libinit$$00000002)
    .ARM.Collect$$libinit$$00000008          0x080001bc   Section        0  libinit2.o(.ARM.Collect$$libinit$$00000008)
    .ARM.Collect$$libinit$$0000000A          0x080001bc   Section        0  libinit2.o(.ARM.Collect$$libinit$$0000000A)
    .ARM.Collect$$libinit$$0000000C          0x080001bc   Section        0  libinit2.o(.ARM.Collect$$libinit$$0000000C)
    .ARM.Collect$$libinit$$0000000D          0x080001bc   Section        6  libinit2.o(.ARM.Collect$$libinit$$0000000D)
    .ARM.Collect$$libinit$$0000000F          0x080001c2   Section        0  libinit2.o(.ARM.Collect$$libinit$$0000000F)
    .ARM.Collect$$libinit$$00000011          0x080001c2   Section        0  libinit2.o(.ARM.Collect$$libinit$$00000011)
    .ARM.Collect$$libinit$$00000013          0x080001c2   Section        0  libinit2.o(.ARM.Collect$$libinit$$00000013)
    .ARM.Collect$$libinit$$00000014          0x080001c2   Section       10  libinit2.o(.ARM.Collect$$libinit$$00000014)
    .ARM.Collect$$libinit$$00000015          0x080001cc   Section        0  libinit2.o(.ARM.Collect$$libinit$$00000015)
    .ARM.Collect$$libinit$$00000017          0x080001cc   Section        0  libinit2.o(.ARM.Collect$$libinit$$00000017)
    .ARM.Collect$$libinit$$00000019          0x080001cc   Section        0  libinit2.o(.ARM.Collect$$libinit$$00000019)
    .ARM.Collect$$libinit$$0000001B          0x080001cc   Section        0  libinit2.o(.ARM.Collect$$libinit$$0000001B)
    .ARM.Collect$$libinit$$0000001D          0x080001cc   Section        0  libinit2.o(.ARM.Collect$$libinit$$0000001D)
    .ARM.Collect$$libinit$$0000001F          0x080001cc   Section        0  libinit2.o(.ARM.Collect$$libinit$$0000001F)
    .ARM.Collect$$libinit$$00000021          0x080001cc   Section        0  libinit2.o(.ARM.Collect$$libinit$$00000021)
    .ARM.Collect$$libinit$$00000023          0x080001cc   Section        0  libinit2.o(.ARM.Collect$$libinit$$00000023)
    .ARM.Collect$$libinit$$0000002A          0x080001cc   Section        0  libinit2.o(.ARM.Collect$$libinit$$0000002A)
    .ARM.Collect$$libinit$$0000002C          0x080001cc   Section        0  libinit2.o(.ARM.Collect$$libinit$$0000002C)
    .ARM.Collect$$libinit$$0000002E          0x080001cc   Section        0  libinit2.o(.ARM.Collect$$libinit$$0000002E)
    .ARM.Collect$$libinit$$00000030          0x080001cc   Section        0  libinit2.o(.ARM.Collect$$libinit$$00000030)
    .ARM.Collect$$libinit$$00000031          0x080001cc   Section        2  libinit2.o(.ARM.Collect$$libinit$$00000031)
    .ARM.Collect$$libshutdown$$00000000      0x080001ce   Section        2  libshutdown.o(.ARM.Collect$$libshutdown$$00000000)
    .ARM.Collect$$libshutdown$$00000003      0x080001d0   Section        0  libshutdown2.o(.ARM.Collect$$libshutdown$$00000003)
    .ARM.Collect$$libshutdown$$00000006      0x080001d0   Section        0  libshutdown2.o(.ARM.Collect$$libshutdown$$00000006)
    .ARM.Collect$$libshutdown$$00000009      0x080001d0   Section        0  libshutdown2.o(.ARM.Collect$$libshutdown$$00000009)
    .ARM.Collect$$libshutdown$$0000000B      0x080001d0   Section        0  libshutdown2.o(.ARM.Collect$$libshutdown$$0000000B)
    .ARM.Collect$$libshutdown$$0000000E      0x080001d0   Section        0  libshutdown2.o(.ARM.Collect$$libshutdown$$0000000E)
    .ARM.Collect$$libshutdown$$0000000F      0x080001d0   Section        2  libshutdown2.o(.ARM.Collect$$libshutdown$$0000000F)
    .ARM.Collect$$rtentry$$00000000          0x080001d2   Section        0  rtentry.o(.ARM.Collect$$rtentry$$00000000)
    .ARM.Collect$$rtentry$$00000002          0x080001d2   Section        0  rtentry2.o(.ARM.Collect$$rtentry$$00000002)
    .ARM.Collect$$rtentry$$00000004          0x080001d2   Section        6  rtentry4.o(.ARM.Collect$$rtentry$$00000004)
    .ARM.Collect$$rtentry$$00000009          0x080001d8   Section        0  rtentry2.o(.ARM.Collect$$rtentry$$00000009)
    .ARM.Collect$$rtentry$$0000000A          0x080001d8   Section        4  rtentry2.o(.ARM.Collect$$rtentry$$0000000A)
    .ARM.Collect$$rtentry$$0000000C          0x080001dc   Section        0  rtentry2.o(.ARM.Collect$$rtentry$$0000000C)
    .ARM.Collect$$rtentry$$0000000D          0x080001dc   Section        8  rtentry2.o(.ARM.Collect$$rtentry$$0000000D)
    .ARM.Collect$$rtexit$$00000000           0x080001e4   Section        2  rtexit.o(.ARM.Collect$$rtexit$$00000000)
    .ARM.Collect$$rtexit$$00000002           0x080001e6   Section        0  rtexit2.o(.ARM.Collect$$rtexit$$00000002)
    .ARM.Collect$$rtexit$$00000003           0x080001e6   Section        4  rtexit2.o(.ARM.Collect$$rtexit$$00000003)
    .ARM.Collect$$rtexit$$00000004           0x080001ea   Section        6  rtexit2.o(.ARM.Collect$$rtexit$$00000004)
    .text                                    0x080001f0   Section        0  main.o(.text)
    .text                                    0x080005c0   Section        0  stm32f10x_it.o(.text)
    .text                                    0x080005dc   Section        0  system_stm32f10x.o(.text)
    SetSysClockTo72                          0x080005dd   Thumb Code   214  system_stm32f10x.o(.text)
    SetSysClock                              0x080006b3   Thumb Code     8  system_stm32f10x.o(.text)
    .text                                    0x080007bc   Section        0  led.o(.text)
    .text                                    0x0800080c   Section        0  lcd.o(.text)
    .text                                    0x080060b0   Section        0  tsensor.o(.text)
    .text                                    0x080061b0   Section        0  delay.o(.text)
    .text                                    0x08006284   Section        0  usart.o(.text)
    .text                                    0x080063cc   Section       64  startup_stm32f10x_hd.o(.text)
    .text                                    0x0800640c   Section        0  stm32f10x_gpio.o(.text)
    .text                                    0x08006768   Section        0  stm32f10x_rcc.o(.text)
    .text                                    0x08006b0c   Section        0  stm32f10x_usart.o(.text)
    .text                                    0x08006f14   Section        0  misc.o(.text)
    .text                                    0x08006ff0   Section        0  stm32f10x_adc.o(.text)
    .text                                    0x0800743e   Section        2  use_no_semi_2.o(.text)
    .text                                    0x08007440   Section        0  noretval__2printf.o(.text)
    .text                                    0x08007458   Section        0  __printf.o(.text)
    .text                                    0x080074c0   Section        0  _printf_dec.o(.text)
    .text                                    0x08007534   Section        0  _printf_hex_int.o(.text)
    .text                                    0x0800758c   Section        0  heapauxi.o(.text)
    .text                                    0x08007592   Section        2  use_no_semi.o(.text)
    .text                                    0x08007594   Section        0  _printf_intcommon.o(.text)
    .text                                    0x08007646   Section        0  _printf_fp_dec.o(.text)
    _fp_digits                               0x08007649   Thumb Code   428  _printf_fp_dec.o(.text)
    .text                                    0x08007a5c   Section        0  _printf_char_file.o(.text)
    .text                                    0x08007a80   Section        8  rt_locale_intlibspace.o(.text)
    .text                                    0x08007a88   Section      138  lludiv10.o(.text)
    .text                                    0x08007b14   Section        0  _printf_char_common.o(.text)
    _printf_input_char                       0x08007b15   Thumb Code    10  _printf_char_common.o(.text)
    .text                                    0x08007b44   Section        0  _printf_fp_infnan.o(.text)
    .text                                    0x08007bc4   Section        0  bigflt0.o(.text)
    .text                                    0x08007c9c   Section        0  ferror.o(.text)
    .text                                    0x08007ca4   Section        8  libspace.o(.text)
    .text                                    0x08007cac   Section       74  sys_stackheap_outer.o(.text)
    .text                                    0x08007cf6   Section        0  exit.o(.text)
    .text                                    0x08007d04   Section      128  strcmpv7m.o(.text)
    CL$$btod_d2e                             0x08007d84   Section       62  btod.o(CL$$btod_d2e)
    CL$$btod_d2e_denorm_low                  0x08007dc2   Section       70  btod.o(CL$$btod_d2e_denorm_low)
    CL$$btod_d2e_norm_op1                    0x08007e08   Section       96  btod.o(CL$$btod_d2e_norm_op1)
    CL$$btod_div_common                      0x08007e68   Section      824  btod.o(CL$$btod_div_common)
    CL$$btod_e2e                             0x080081a0   Section      198  btod.o(CL$$btod_e2e)
    CL$$btod_ediv                            0x08008266   Section       40  btod.o(CL$$btod_ediv)
    CL$$btod_emul                            0x0800828e   Section       40  btod.o(CL$$btod_emul)
    CL$$btod_mult_common                     0x080082b6   Section      580  btod.o(CL$$btod_mult_common)
    i.__ARM_fpclassify                       0x080084fa   Section        0  fpclassify.o(i.__ARM_fpclassify)
    locale$$code                             0x08008524   Section       44  lc_numeric_c.o(locale$$code)
    x$fpl$d2f                                0x08008550   Section       98  d2f.o(x$fpl$d2f)
    x$fpl$dadd                               0x080085b4   Section      336  daddsub_clz.o(x$fpl$dadd)
    _dadd1                                   0x080085c5   Thumb Code     0  daddsub_clz.o(x$fpl$dadd)
    x$fpl$ddiv                               0x08008704   Section      688  ddiv.o(x$fpl$ddiv)
    ddiv_entry                               0x0800870b   Thumb Code     0  ddiv.o(x$fpl$ddiv)
    x$fpl$dmul                               0x080089b4   Section      340  dmul.o(x$fpl$dmul)
    x$fpl$dnaninf                            0x08008b08   Section      156  dnaninf.o(x$fpl$dnaninf)
    x$fpl$dretinf                            0x08008ba4   Section       12  dretinf.o(x$fpl$dretinf)
    x$fpl$drsb                               0x08008bb0   Section       22  daddsub_clz.o(x$fpl$drsb)
    x$fpl$dsub                               0x08008bc8   Section      468  daddsub_clz.o(x$fpl$dsub)
    _dsub1                                   0x08008bd9   Thumb Code     0  daddsub_clz.o(x$fpl$dsub)
    x$fpl$f2d                                0x08008d9c   Section       86  f2d.o(x$fpl$f2d)
    x$fpl$fadd                               0x08008df4   Section      196  faddsub_clz.o(x$fpl$fadd)
    _fadd1                                   0x08008e03   Thumb Code     0  faddsub_clz.o(x$fpl$fadd)
    x$fpl$ffixu                              0x08008eb8   Section       62  ffixu.o(x$fpl$ffixu)
    x$fpl$ffltu                              0x08008ef8   Section       38  fflt_clz.o(x$fpl$ffltu)
    x$fpl$fmul                               0x08008f20   Section      258  fmul.o(x$fpl$fmul)
    x$fpl$fnaninf                            0x08009022   Section      140  fnaninf.o(x$fpl$fnaninf)
    x$fpl$fretinf                            0x080090ae   Section       10  fretinf.o(x$fpl$fretinf)
    x$fpl$frsb                               0x080090b8   Section       20  faddsub_clz.o(x$fpl$frsb)
    x$fpl$fsub                               0x080090cc   Section      234  faddsub_clz.o(x$fpl$fsub)
    _fsub1                                   0x080090db   Thumb Code     0  faddsub_clz.o(x$fpl$fsub)
    x$fpl$printf1                            0x080091b6   Section        4  printf1.o(x$fpl$printf1)
    .constdata                               0x080091ba   Section     6080  lcd.o(.constdata)
    x$fpl$usenofp                            0x080091ba   Section        0  usenofp.o(x$fpl$usenofp)
    .constdata                               0x0800a97a   Section       40  _printf_hex_int.o(.constdata)
    uc_hextab                                0x0800a97a   Data          20  _printf_hex_int.o(.constdata)
    lc_hextab                                0x0800a98e   Data          20  _printf_hex_int.o(.constdata)
    .constdata                               0x0800a9a4   Section      148  bigflt0.o(.constdata)
    tenpwrs_x                                0x0800a9a4   Data          60  bigflt0.o(.constdata)
    tenpwrs_i                                0x0800a9e0   Data          64  bigflt0.o(.constdata)
    locale$$data                             0x0800aa58   Section       28  lc_numeric_c.o(locale$$data)
    __lcnum_c_name                           0x0800aa5c   Data           2  lc_numeric_c.o(locale$$data)
    __lcnum_c_start                          0x0800aa64   Data           0  lc_numeric_c.o(locale$$data)
    __lcnum_c_point                          0x0800aa70   Data           0  lc_numeric_c.o(locale$$data)
    __lcnum_c_thousands                      0x0800aa72   Data           0  lc_numeric_c.o(locale$$data)
    __lcnum_c_grouping                       0x0800aa73   Data           0  lc_numeric_c.o(locale$$data)
    __lcnum_c_end                            0x0800aa74   Data           0  lc_numeric_c.o(locale$$data)
    .data                                    0x20000000   Section       20  system_stm32f10x.o(.data)
    .data                                    0x20000014   Section        4  lcd.o(.data)
    .data                                    0x20000018   Section        4  delay.o(.data)
    fac_us                                   0x20000018   Data           1  delay.o(.data)
    fac_ms                                   0x2000001a   Data           2  delay.o(.data)
    .data                                    0x2000001c   Section        6  usart.o(.data)
    .data                                    0x20000022   Section       20  stm32f10x_rcc.o(.data)
    APBAHBPrescTable                         0x20000022   Data          16  stm32f10x_rcc.o(.data)
    ADCPrescTable                            0x20000032   Data           4  stm32f10x_rcc.o(.data)
    .bss                                     0x20000038   Section       14  lcd.o(.bss)
    .bss                                     0x20000046   Section      200  usart.o(.bss)
    .bss                                     0x20000110   Section       96  libspace.o(.bss)
    HEAP                                     0x20000170   Section      512  startup_stm32f10x_hd.o(HEAP)
    Heap_Mem                                 0x20000170   Data         512  startup_stm32f10x_hd.o(HEAP)
    STACK                                    0x20000370   Section     1024  startup_stm32f10x_hd.o(STACK)
    Stack_Mem                                0x20000370   Data        1024  startup_stm32f10x_hd.o(STACK)
    __initial_sp                             0x20000770   Data           0  startup_stm32f10x_hd.o(STACK)

    Global Symbols

    Symbol Name                              Value     Ov Type        Size  Object(Section)

    BuildAttributes$$THM_ISAv4$P$D$K$B$S$PE$A:L22UL41UL21$X:L11$S22US41US21$IEEE1$IW$USESV6$~STKCKD$USESV7$~SHL$OTIME$ROPI$IEEEJ$EBA8$UX$STANDARDLIB$REQ8$PRES8$EABIv2 0x00000000   Number         0  anon$$obj.o ABSOLUTE
    __ARM_use_no_argv                        0x00000000   Number         0  main.o ABSOLUTE
    __ARM_exceptions_init                     - Undefined Weak Reference
    __alloca_initialize                       - Undefined Weak Reference
    __cpp_initialize__aeabi_                  - Undefined Weak Reference
    __cxa_finalize                            - Undefined Weak Reference
    __sigvec_lookup                           - Undefined Weak Reference
    _atexit_init                              - Undefined Weak Reference
    _call_atexit_fns                          - Undefined Weak Reference
    _clock_init                               - Undefined Weak Reference
    _fp_trap_init                             - Undefined Weak Reference
    _fp_trap_shutdown                         - Undefined Weak Reference
    _get_lc_collate                           - Undefined Weak Reference
    _get_lc_ctype                             - Undefined Weak Reference
    _get_lc_monetary                          - Undefined Weak Reference
    _get_lc_time                              - Undefined Weak Reference
    _getenv_init                              - Undefined Weak Reference
    _handle_redirection                       - Undefined Weak Reference
    _init_alloc                               - Undefined Weak Reference
    _init_user_alloc                          - Undefined Weak Reference
    _initio                                   - Undefined Weak Reference
    _mutex_acquire                            - Undefined Weak Reference
    _mutex_release                            - Undefined Weak Reference
    _printf_post_padding                      - Undefined Weak Reference
    _printf_pre_padding                       - Undefined Weak Reference
    _printf_truncate_signed                   - Undefined Weak Reference
    _printf_truncate_unsigned                 - Undefined Weak Reference
    _rand_init                                - Undefined Weak Reference
    _signal_finish                            - Undefined Weak Reference
    _signal_init                              - Undefined Weak Reference
    _terminate_alloc                          - Undefined Weak Reference
    _terminate_user_alloc                     - Undefined Weak Reference
    _terminateio                              - Undefined Weak Reference
    __Vectors_Size                           0x00000130   Number         0  startup_stm32f10x_hd.o ABSOLUTE
    __Vectors                                0x08000000   Data           4  startup_stm32f10x_hd.o(RESET)
    __Vectors_End                            0x08000130   Data           0  startup_stm32f10x_hd.o(RESET)
    __main                                   0x08000131   Thumb Code     8  __main.o(!!!main)
    __scatterload                            0x08000139   Thumb Code     0  __scatter.o(!!!scatter)
    __scatterload_rt2                        0x08000139   Thumb Code    44  __scatter.o(!!!scatter)
    __scatterload_rt2_thumb_only             0x08000139   Thumb Code     0  __scatter.o(!!!scatter)
    __scatterload_null                       0x08000147   Thumb Code     0  __scatter.o(!!!scatter)
    __scatterload_copy                       0x0800016d   Thumb Code    26  __scatter_copy.o(!!handler_copy)
    __scatterload_zeroinit                   0x08000189   Thumb Code    28  __scatter_zi.o(!!handler_zi)
    _printf_f                                0x080001a5   Thumb Code     0  _printf_f.o(.ARM.Collect$$_printf_percent$$00000003)
    _printf_percent                          0x080001a5   Thumb Code     0  _printf_percent.o(.ARM.Collect$$_printf_percent$$00000000)
    _printf_u                                0x080001ab   Thumb Code     0  _printf_u.o(.ARM.Collect$$_printf_percent$$0000000A)
    _printf_x                                0x080001b1   Thumb Code     0  _printf_x.o(.ARM.Collect$$_printf_percent$$0000000C)
    _printf_percent_end                      0x080001b7   Thumb Code     0  _printf_percent_end.o(.ARM.Collect$$_printf_percent$$00000017)
    __rt_lib_init                            0x080001bb   Thumb Code     0  libinit.o(.ARM.Collect$$libinit$$00000000)
    __rt_lib_init_fp_1                       0x080001bd   Thumb Code     0  libinit2.o(.ARM.Collect$$libinit$$00000002)
    __rt_lib_init_heap_1                     0x080001bd   Thumb Code     0  libinit2.o(.ARM.Collect$$libinit$$00000008)
    __rt_lib_init_lc_common                  0x080001bd   Thumb Code     0  libinit2.o(.ARM.Collect$$libinit$$0000000D)
    __rt_lib_init_rand_1                     0x080001bd   Thumb Code     0  libinit2.o(.ARM.Collect$$libinit$$0000000C)
    __rt_lib_init_user_alloc_1               0x080001bd   Thumb Code     0  libinit2.o(.ARM.Collect$$libinit$$0000000A)
    __rt_lib_init_lc_collate_1               0x080001c3   Thumb Code     0  libinit2.o(.ARM.Collect$$libinit$$0000000F)
    __rt_lib_init_lc_ctype_1                 0x080001c3   Thumb Code     0  libinit2.o(.ARM.Collect$$libinit$$00000011)
    __rt_lib_init_lc_monetary_1              0x080001c3   Thumb Code     0  libinit2.o(.ARM.Collect$$libinit$$00000013)
    __rt_lib_init_lc_numeric_2               0x080001c3   Thumb Code     0  libinit2.o(.ARM.Collect$$libinit$$00000014)
    __rt_lib_init_alloca_1                   0x080001cd   Thumb Code     0  libinit2.o(.ARM.Collect$$libinit$$0000002C)
    __rt_lib_init_argv_1                     0x080001cd   Thumb Code     0  libinit2.o(.ARM.Collect$$libinit$$0000002A)
    __rt_lib_init_atexit_1                   0x080001cd   Thumb Code     0  libinit2.o(.ARM.Collect$$libinit$$00000019)
    __rt_lib_init_clock_1                    0x080001cd   Thumb Code     0  libinit2.o(.ARM.Collect$$libinit$$0000001F)
    __rt_lib_init_cpp_1                      0x080001cd   Thumb Code     0  libinit2.o(.ARM.Collect$$libinit$$00000030)
    __rt_lib_init_exceptions_1               0x080001cd   Thumb Code     0  libinit2.o(.ARM.Collect$$libinit$$0000002E)
    __rt_lib_init_fp_trap_1                  0x080001cd   Thumb Code     0  libinit2.o(.ARM.Collect$$libinit$$0000001D)
    __rt_lib_init_getenv_1                   0x080001cd   Thumb Code     0  libinit2.o(.ARM.Collect$$libinit$$00000021)
    __rt_lib_init_lc_numeric_1               0x080001cd   Thumb Code     0  libinit2.o(.ARM.Collect$$libinit$$00000015)
    __rt_lib_init_lc_time_1                  0x080001cd   Thumb Code     0  libinit2.o(.ARM.Collect$$libinit$$00000017)
    __rt_lib_init_return                     0x080001cd   Thumb Code     0  libinit2.o(.ARM.Collect$$libinit$$00000031)
    __rt_lib_init_signal_1                   0x080001cd   Thumb Code     0  libinit2.o(.ARM.Collect$$libinit$$0000001B)
    __rt_lib_init_stdio_1                    0x080001cd   Thumb Code     0  libinit2.o(.ARM.Collect$$libinit$$00000023)
    __rt_lib_shutdown                        0x080001cf   Thumb Code     0  libshutdown.o(.ARM.Collect$$libshutdown$$00000000)
    __rt_lib_shutdown_fp_trap_1              0x080001d1   Thumb Code     0  libshutdown2.o(.ARM.Collect$$libshutdown$$00000006)
    __rt_lib_shutdown_heap_1                 0x080001d1   Thumb Code     0  libshutdown2.o(.ARM.Collect$$libshutdown$$0000000E)
    __rt_lib_shutdown_return                 0x080001d1   Thumb Code     0  libshutdown2.o(.ARM.Collect$$libshutdown$$0000000F)
    __rt_lib_shutdown_signal_1               0x080001d1   Thumb Code     0  libshutdown2.o(.ARM.Collect$$libshutdown$$00000009)
    __rt_lib_shutdown_stdio_1                0x080001d1   Thumb Code     0  libshutdown2.o(.ARM.Collect$$libshutdown$$00000003)
    __rt_lib_shutdown_user_alloc_1           0x080001d1   Thumb Code     0  libshutdown2.o(.ARM.Collect$$libshutdown$$0000000B)
    __rt_entry                               0x080001d3   Thumb Code     0  rtentry.o(.ARM.Collect$$rtentry$$00000000)
    __rt_entry_presh_1                       0x080001d3   Thumb Code     0  rtentry2.o(.ARM.Collect$$rtentry$$00000002)
    __rt_entry_sh                            0x080001d3   Thumb Code     0  rtentry4.o(.ARM.Collect$$rtentry$$00000004)
    __rt_entry_li                            0x080001d9   Thumb Code     0  rtentry2.o(.ARM.Collect$$rtentry$$0000000A)
    __rt_entry_postsh_1                      0x080001d9   Thumb Code     0  rtentry2.o(.ARM.Collect$$rtentry$$00000009)
    __rt_entry_main                          0x080001dd   Thumb Code     0  rtentry2.o(.ARM.Collect$$rtentry$$0000000D)
    __rt_entry_postli_1                      0x080001dd   Thumb Code     0  rtentry2.o(.ARM.Collect$$rtentry$$0000000C)
    __rt_exit                                0x080001e5   Thumb Code     0  rtexit.o(.ARM.Collect$$rtexit$$00000000)
    __rt_exit_ls                             0x080001e7   Thumb Code     0  rtexit2.o(.ARM.Collect$$rtexit$$00000003)
    __rt_exit_prels_1                        0x080001e7   Thumb Code     0  rtexit2.o(.ARM.Collect$$rtexit$$00000002)
    __rt_exit_exit                           0x080001eb   Thumb Code     0  rtexit2.o(.ARM.Collect$$rtexit$$00000004)
    main                                     0x080001f1   Thumb Code   732  main.o(.text)
    NMI_Handler                              0x080005c1   Thumb Code     2  stm32f10x_it.o(.text)
    HardFault_Handler                        0x080005c3   Thumb Code     4  stm32f10x_it.o(.text)
    MemManage_Handler                        0x080005c7   Thumb Code     4  stm32f10x_it.o(.text)
    BusFault_Handler                         0x080005cb   Thumb Code     4  stm32f10x_it.o(.text)
    UsageFault_Handler                       0x080005cf   Thumb Code     4  stm32f10x_it.o(.text)
    SVC_Handler                              0x080005d3   Thumb Code     2  stm32f10x_it.o(.text)
    DebugMon_Handler                         0x080005d5   Thumb Code     2  stm32f10x_it.o(.text)
    PendSV_Handler                           0x080005d7   Thumb Code     2  stm32f10x_it.o(.text)
    SysTick_Handler                          0x080005d9   Thumb Code     2  stm32f10x_it.o(.text)
    SystemInit                               0x080006bb   Thumb Code    78  system_stm32f10x.o(.text)
    SystemCoreClockUpdate                    0x08000709   Thumb Code   142  system_stm32f10x.o(.text)
    LED_Init                                 0x080007bd   Thumb Code    72  led.o(.text)
    LCD_WR_REG                               0x0800080d   Thumb Code    60  lcd.o(.text)
    LCD_WR_DATAX                             0x08000849   Thumb Code    60  lcd.o(.text)
    LCD_RD_DATA                              0x08000885   Thumb Code   118  lcd.o(.text)
    LCD_WriteReg                             0x080008fb   Thumb Code    68  lcd.o(.text)
    LCD_ReadReg                              0x0800093f   Thumb Code    16  lcd.o(.text)
    LCD_WriteRAM_Prepare                     0x0800094f   Thumb Code    12  lcd.o(.text)
    LCD_WriteRAM                             0x0800095b   Thumb Code    60  lcd.o(.text)
    LCD_BGR2RGB                              0x08000997   Thumb Code    26  lcd.o(.text)
    LCD_SetCursor                            0x080009b1   Thumb Code   860  lcd.o(.text)
    LCD_ReadPoint                            0x08000d0d   Thumb Code   464  lcd.o(.text)
    LCD_DisplayOn                            0x08000edd   Thumb Code    80  lcd.o(.text)
    LCD_DisplayOff                           0x08000f2d   Thumb Code    78  lcd.o(.text)
    LCD_Scan_Dir                             0x08000f7b   Thumb Code  1504  lcd.o(.text)
    LCD_DrawPoint                            0x0800155b   Thumb Code    76  lcd.o(.text)
    LCD_Fast_DrawPoint                       0x080015a7   Thumb Code   980  lcd.o(.text)
    LCD_Display_Dir                          0x0800197b   Thumb Code   420  lcd.o(.text)
    LCD_Set_Window                           0x08001b1f   Thumb Code  1212  lcd.o(.text)
    LCD_Clear                                0x08001fdb   Thumb Code   164  lcd.o(.text)
    LCD_Init                                 0x0800207f   Thumb Code 14876  lcd.o(.text)
    LCD_Fill                                 0x08005a9b   Thumb Code   226  lcd.o(.text)
    LCD_Color_Fill                           0x08005b7d   Thumb Code   140  lcd.o(.text)
    LCD_DrawLine                             0x08005c09   Thumb Code   176  lcd.o(.text)
    LCD_DrawRectangle                        0x08005cb9   Thumb Code    80  lcd.o(.text)
    LCD_Draw_Circle                          0x08005d09   Thumb Code   176  lcd.o(.text)
    LCD_ShowChar                             0x08005db9   Thumb Code   272  lcd.o(.text)
    LCD_Pow                                  0x08005ec9   Thumb Code    22  lcd.o(.text)
    LCD_ShowNum                              0x08005edf   Thumb Code   148  lcd.o(.text)
    LCD_ShowxNum                             0x08005f73   Thumb Code   190  lcd.o(.text)
    LCD_ShowString                           0x08006031   Thumb Code   102  lcd.o(.text)
    T_Adc_Init                               0x080060b1   Thumb Code   118  tsensor.o(.text)
    T_Get_Adc                                0x08006127   Thumb Code    46  tsensor.o(.text)
    T_Get_Temp                               0x08006155   Thumb Code    42  tsensor.o(.text)
    T_Get_Adc_Average                        0x0800617f   Thumb Code    46  tsensor.o(.text)
    delay_init                               0x080061b1   Thumb Code    50  delay.o(.text)
    delay_us                                 0x080061e3   Thumb Code    72  delay.o(.text)
    delay_ms                                 0x0800622b   Thumb Code    72  delay.o(.text)
    _sys_exit                                0x08006285   Thumb Code     6  usart.o(.text)
    fputc                                    0x0800628b   Thumb Code    24  usart.o(.text)
    uart_init                                0x080062a3   Thumb Code   158  usart.o(.text)
    USART1_IRQHandler                        0x08006341   Thumb Code   122  usart.o(.text)
    Reset_Handler                            0x080063cd   Thumb Code     8  startup_stm32f10x_hd.o(.text)
    ADC1_2_IRQHandler                        0x080063e7   Thumb Code     0  startup_stm32f10x_hd.o(.text)
    ADC3_IRQHandler                          0x080063e7   Thumb Code     0  startup_stm32f10x_hd.o(.text)
    CAN1_RX1_IRQHandler                      0x080063e7   Thumb Code     0  startup_stm32f10x_hd.o(.text)
    CAN1_SCE_IRQHandler                      0x080063e7   Thumb Code     0  startup_stm32f10x_hd.o(.text)
    DMA1_Channel1_IRQHandler                 0x080063e7   Thumb Code     0  startup_stm32f10x_hd.o(.text)
    DMA1_Channel2_IRQHandler                 0x080063e7   Thumb Code     0  startup_stm32f10x_hd.o(.text)
    DMA1_Channel3_IRQHandler                 0x080063e7   Thumb Code     0  startup_stm32f10x_hd.o(.text)
    DMA1_Channel4_IRQHandler                 0x080063e7   Thumb Code     0  startup_stm32f10x_hd.o(.text)
    DMA1_Channel5_IRQHandler                 0x080063e7   Thumb Code     0  startup_stm32f10x_hd.o(.text)
    DMA1_Channel6_IRQHandler                 0x080063e7   Thumb Code     0  startup_stm32f10x_hd.o(.text)
    DMA1_Channel7_IRQHandler                 0x080063e7   Thumb Code     0  startup_stm32f10x_hd.o(.text)
    DMA2_Channel1_IRQHandler                 0x080063e7   Thumb Code     0  startup_stm32f10x_hd.o(.text)
    DMA2_Channel2_IRQHandler                 0x080063e7   Thumb Code     0  startup_stm32f10x_hd.o(.text)
    DMA2_Channel3_IRQHandler                 0x080063e7   Thumb Code     0  startup_stm32f10x_hd.o(.text)
    DMA2_Channel4_5_IRQHandler               0x080063e7   Thumb Code     0  startup_stm32f10x_hd.o(.text)
    EXTI0_IRQHandler                         0x080063e7   Thumb Code     0  startup_stm32f10x_hd.o(.text)
    EXTI15_10_IRQHandler                     0x080063e7   Thumb Code     0  startup_stm32f10x_hd.o(.text)
    EXTI1_IRQHandler                         0x080063e7   Thumb Code     0  startup_stm32f10x_hd.o(.text)
    EXTI2_IRQHandler                         0x080063e7   Thumb Code     0  startup_stm32f10x_hd.o(.text)
    EXTI3_IRQHandler                         0x080063e7   Thumb Code     0  startup_stm32f10x_hd.o(.text)
    EXTI4_IRQHandler                         0x080063e7   Thumb Code     0  startup_stm32f10x_hd.o(.text)
    EXTI9_5_IRQHandler                       0x080063e7   Thumb Code     0  startup_stm32f10x_hd.o(.text)
    FLASH_IRQHandler                         0x080063e7   Thumb Code     0  startup_stm32f10x_hd.o(.text)
    FSMC_IRQHandler                          0x080063e7   Thumb Code     0  startup_stm32f10x_hd.o(.text)
    I2C1_ER_IRQHandler                       0x080063e7   Thumb Code     0  startup_stm32f10x_hd.o(.text)
    I2C1_EV_IRQHandler                       0x080063e7   Thumb Code     0  startup_stm32f10x_hd.o(.text)
    I2C2_ER_IRQHandler                       0x080063e7   Thumb Code     0  startup_stm32f10x_hd.o(.text)
    I2C2_EV_IRQHandler                       0x080063e7   Thumb Code     0  startup_stm32f10x_hd.o(.text)
    PVD_IRQHandler                           0x080063e7   Thumb Code     0  startup_stm32f10x_hd.o(.text)
    RCC_IRQHandler                           0x080063e7   Thumb Code     0  startup_stm32f10x_hd.o(.text)
    RTCAlarm_IRQHandler                      0x080063e7   Thumb Code     0  startup_stm32f10x_hd.o(.text)
    RTC_IRQHandler                           0x080063e7   Thumb Code     0  startup_stm32f10x_hd.o(.text)
    SDIO_IRQHandler                          0x080063e7   Thumb Code     0  startup_stm32f10x_hd.o(.text)
    SPI1_IRQHandler                          0x080063e7   Thumb Code     0  startup_stm32f10x_hd.o(.text)
    SPI2_IRQHandler                          0x080063e7   Thumb Code     0  startup_stm32f10x_hd.o(.text)
    SPI3_IRQHandler                          0x080063e7   Thumb Code     0  startup_stm32f10x_hd.o(.text)
    TAMPER_IRQHandler                        0x080063e7   Thumb Code     0  startup_stm32f10x_hd.o(.text)
    TIM1_BRK_IRQHandler                      0x080063e7   Thumb Code     0  startup_stm32f10x_hd.o(.text)
    TIM1_CC_IRQHandler                       0x080063e7   Thumb Code     0  startup_stm32f10x_hd.o(.text)
    TIM1_TRG_COM_IRQHandler                  0x080063e7   Thumb Code     0  startup_stm32f10x_hd.o(.text)
    TIM1_UP_IRQHandler                       0x080063e7   Thumb Code     0  startup_stm32f10x_hd.o(.text)
    TIM2_IRQHandler                          0x080063e7   Thumb Code     0  startup_stm32f10x_hd.o(.text)
    TIM3_IRQHandler                          0x080063e7   Thumb Code     0  startup_stm32f10x_hd.o(.text)
    TIM4_IRQHandler                          0x080063e7   Thumb Code     0  startup_stm32f10x_hd.o(.text)
    TIM5_IRQHandler                          0x080063e7   Thumb Code     0  startup_stm32f10x_hd.o(.text)
    TIM6_IRQHandler                          0x080063e7   Thumb Code     0  startup_stm32f10x_hd.o(.text)
    TIM7_IRQHandler                          0x080063e7   Thumb Code     0  startup_stm32f10x_hd.o(.text)
    TIM8_BRK_IRQHandler                      0x080063e7   Thumb Code     0  startup_stm32f10x_hd.o(.text)
    TIM8_CC_IRQHandler                       0x080063e7   Thumb Code     0  startup_stm32f10x_hd.o(.text)
    TIM8_TRG_COM_IRQHandler                  0x080063e7   Thumb Code     0  startup_stm32f10x_hd.o(.text)
    TIM8_UP_IRQHandler                       0x080063e7   Thumb Code     0  startup_stm32f10x_hd.o(.text)
    UART4_IRQHandler                         0x080063e7   Thumb Code     0  startup_stm32f10x_hd.o(.text)
    UART5_IRQHandler                         0x080063e7   Thumb Code     0  startup_stm32f10x_hd.o(.text)
    USART2_IRQHandler                        0x080063e7   Thumb Code     0  startup_stm32f10x_hd.o(.text)
    USART3_IRQHandler                        0x080063e7   Thumb Code     0  startup_stm32f10x_hd.o(.text)
    USBWakeUp_IRQHandler                     0x080063e7   Thumb Code     0  startup_stm32f10x_hd.o(.text)
    USB_HP_CAN1_TX_IRQHandler                0x080063e7   Thumb Code     0  startup_stm32f10x_hd.o(.text)
    USB_LP_CAN1_RX0_IRQHandler               0x080063e7   Thumb Code     0  startup_stm32f10x_hd.o(.text)
    WWDG_IRQHandler                          0x080063e7   Thumb Code     0  startup_stm32f10x_hd.o(.text)
    __user_initial_stackheap                 0x080063e9   Thumb Code     0  startup_stm32f10x_hd.o(.text)
    GPIO_DeInit                              0x0800640d   Thumb Code   172  stm32f10x_gpio.o(.text)
    GPIO_AFIODeInit                          0x080064b9   Thumb Code    20  stm32f10x_gpio.o(.text)
    GPIO_Init                                0x080064cd   Thumb Code   278  stm32f10x_gpio.o(.text)
    GPIO_StructInit                          0x080065e3   Thumb Code    16  stm32f10x_gpio.o(.text)
    GPIO_ReadInputDataBit                    0x080065f3   Thumb Code    18  stm32f10x_gpio.o(.text)
    GPIO_ReadInputData                       0x08006605   Thumb Code     8  stm32f10x_gpio.o(.text)
    GPIO_ReadOutputDataBit                   0x0800660d   Thumb Code    18  stm32f10x_gpio.o(.text)
    GPIO_ReadOutputData                      0x0800661f   Thumb Code     8  stm32f10x_gpio.o(.text)
    GPIO_SetBits                             0x08006627   Thumb Code     4  stm32f10x_gpio.o(.text)
    GPIO_ResetBits                           0x0800662b   Thumb Code     4  stm32f10x_gpio.o(.text)
    GPIO_WriteBit                            0x0800662f   Thumb Code    10  stm32f10x_gpio.o(.text)
    GPIO_Write                               0x08006639   Thumb Code     4  stm32f10x_gpio.o(.text)
    GPIO_PinLockConfig                       0x0800663d   Thumb Code    18  stm32f10x_gpio.o(.text)
    GPIO_EventOutputConfig                   0x0800664f   Thumb Code    26  stm32f10x_gpio.o(.text)
    GPIO_EventOutputCmd                      0x08006669   Thumb Code     6  stm32f10x_gpio.o(.text)
    GPIO_PinRemapConfig                      0x0800666f   Thumb Code   138  stm32f10x_gpio.o(.text)
    GPIO_EXTILineConfig                      0x080066f9   Thumb Code    66  stm32f10x_gpio.o(.text)
    GPIO_ETH_MediaInterfaceConfig            0x0800673b   Thumb Code     8  stm32f10x_gpio.o(.text)
    RCC_DeInit                               0x08006769   Thumb Code    64  stm32f10x_rcc.o(.text)
    RCC_HSEConfig                            0x080067a9   Thumb Code    70  stm32f10x_rcc.o(.text)
    RCC_GetFlagStatus                        0x080067ef   Thumb Code    56  stm32f10x_rcc.o(.text)
    RCC_WaitForHSEStartUp                    0x08006827   Thumb Code    56  stm32f10x_rcc.o(.text)
    RCC_AdjustHSICalibrationValue            0x0800685f   Thumb Code    20  stm32f10x_rcc.o(.text)
    RCC_HSICmd                               0x08006873   Thumb Code     6  stm32f10x_rcc.o(.text)
    RCC_PLLConfig                            0x08006879   Thumb Code    24  stm32f10x_rcc.o(.text)
    RCC_PLLCmd                               0x08006891   Thumb Code     6  stm32f10x_rcc.o(.text)
    RCC_SYSCLKConfig                         0x08006897   Thumb Code    18  stm32f10x_rcc.o(.text)
    RCC_GetSYSCLKSource                      0x080068a9   Thumb Code    10  stm32f10x_rcc.o(.text)
    RCC_HCLKConfig                           0x080068b3   Thumb Code    18  stm32f10x_rcc.o(.text)
    RCC_PCLK1Config                          0x080068c5   Thumb Code    18  stm32f10x_rcc.o(.text)
    RCC_PCLK2Config                          0x080068d7   Thumb Code    20  stm32f10x_rcc.o(.text)
    RCC_ITConfig                             0x080068eb   Thumb Code    26  stm32f10x_rcc.o(.text)
    RCC_USBCLKConfig                         0x08006905   Thumb Code     8  stm32f10x_rcc.o(.text)
    RCC_ADCCLKConfig                         0x0800690d   Thumb Code    18  stm32f10x_rcc.o(.text)
    RCC_LSEConfig                            0x0800691f   Thumb Code    50  stm32f10x_rcc.o(.text)
    RCC_LSICmd                               0x08006951   Thumb Code     6  stm32f10x_rcc.o(.text)
    RCC_RTCCLKConfig                         0x08006957   Thumb Code    12  stm32f10x_rcc.o(.text)
    RCC_RTCCLKCmd                            0x08006963   Thumb Code     8  stm32f10x_rcc.o(.text)
    RCC_GetClocksFreq                        0x0800696b   Thumb Code   192  stm32f10x_rcc.o(.text)
    RCC_AHBPeriphClockCmd                    0x08006a2b   Thumb Code    26  stm32f10x_rcc.o(.text)
    RCC_APB2PeriphClockCmd                   0x08006a45   Thumb Code    26  stm32f10x_rcc.o(.text)
    RCC_APB1PeriphClockCmd                   0x08006a5f   Thumb Code    26  stm32f10x_rcc.o(.text)
    RCC_APB2PeriphResetCmd                   0x08006a79   Thumb Code    26  stm32f10x_rcc.o(.text)
    RCC_APB1PeriphResetCmd                   0x08006a93   Thumb Code    26  stm32f10x_rcc.o(.text)
    RCC_BackupResetCmd                       0x08006aad   Thumb Code     8  stm32f10x_rcc.o(.text)
    RCC_ClockSecuritySystemCmd               0x08006ab5   Thumb Code     6  stm32f10x_rcc.o(.text)
    RCC_MCOConfig                            0x08006abb   Thumb Code     6  stm32f10x_rcc.o(.text)
    RCC_ClearFlag                            0x08006ac1   Thumb Code    14  stm32f10x_rcc.o(.text)
    RCC_GetITStatus                          0x08006acf   Thumb Code    20  stm32f10x_rcc.o(.text)
    RCC_ClearITPendingBit                    0x08006ae3   Thumb Code     6  stm32f10x_rcc.o(.text)
    USART_DeInit                             0x08006b0d   Thumb Code   134  stm32f10x_usart.o(.text)
    USART_Init                               0x08006b93   Thumb Code   210  stm32f10x_usart.o(.text)
    USART_StructInit                         0x08006c65   Thumb Code    24  stm32f10x_usart.o(.text)
    USART_ClockInit                          0x08006c7d   Thumb Code    34  stm32f10x_usart.o(.text)
    USART_ClockStructInit                    0x08006c9f   Thumb Code    12  stm32f10x_usart.o(.text)
    USART_Cmd                                0x08006cab   Thumb Code    24  stm32f10x_usart.o(.text)
    USART_ITConfig                           0x08006cc3   Thumb Code    74  stm32f10x_usart.o(.text)
    USART_DMACmd                             0x08006d0d   Thumb Code    18  stm32f10x_usart.o(.text)
    USART_SetAddress                         0x08006d1f   Thumb Code    18  stm32f10x_usart.o(.text)
    USART_WakeUpConfig                       0x08006d31   Thumb Code    18  stm32f10x_usart.o(.text)
    USART_ReceiverWakeUpCmd                  0x08006d43   Thumb Code    24  stm32f10x_usart.o(.text)
    USART_LINBreakDetectLengthConfig         0x08006d5b   Thumb Code    18  stm32f10x_usart.o(.text)
    USART_LINCmd                             0x08006d6d   Thumb Code    24  stm32f10x_usart.o(.text)
    USART_SendData                           0x08006d85   Thumb Code     8  stm32f10x_usart.o(.text)
    USART_ReceiveData                        0x08006d8d   Thumb Code    10  stm32f10x_usart.o(.text)
    USART_SendBreak                          0x08006d97   Thumb Code    10  stm32f10x_usart.o(.text)
    USART_SetGuardTime                       0x08006da1   Thumb Code    16  stm32f10x_usart.o(.text)
    USART_SetPrescaler                       0x08006db1   Thumb Code    16  stm32f10x_usart.o(.text)
    USART_SmartCardCmd                       0x08006dc1   Thumb Code    24  stm32f10x_usart.o(.text)
    USART_SmartCardNACKCmd                   0x08006dd9   Thumb Code    24  stm32f10x_usart.o(.text)
    USART_HalfDuplexCmd                      0x08006df1   Thumb Code    24  stm32f10x_usart.o(.text)
    USART_OverSampling8Cmd                   0x08006e09   Thumb Code    22  stm32f10x_usart.o(.text)
    USART_OneBitMethodCmd                    0x08006e1f   Thumb Code    24  stm32f10x_usart.o(.text)
    USART_IrDAConfig                         0x08006e37   Thumb Code    18  stm32f10x_usart.o(.text)
    USART_IrDACmd                            0x08006e49   Thumb Code    24  stm32f10x_usart.o(.text)
    USART_GetFlagStatus                      0x08006e61   Thumb Code    26  stm32f10x_usart.o(.text)
    USART_ClearFlag                          0x08006e7b   Thumb Code    18  stm32f10x_usart.o(.text)
    USART_GetITStatus                        0x08006e8d   Thumb Code    84  stm32f10x_usart.o(.text)
    USART_ClearITPendingBit                  0x08006ee1   Thumb Code    52  stm32f10x_usart.o(.text)
    NVIC_PriorityGroupConfig                 0x08006f15   Thumb Code    10  misc.o(.text)
    NVIC_Init                                0x08006f1f   Thumb Code   100  misc.o(.text)
    NVIC_SetVectorTable                      0x08006f83   Thumb Code    14  misc.o(.text)
    NVIC_SystemLPConfig                      0x08006f91   Thumb Code    34  misc.o(.text)
    SysTick_CLKSourceConfig                  0x08006fb3   Thumb Code    40  misc.o(.text)
    ADC_DeInit                               0x08006ff1   Thumb Code    78  stm32f10x_adc.o(.text)
    ADC_Init                                 0x0800703f   Thumb Code    70  stm32f10x_adc.o(.text)
    ADC_StructInit                           0x08007085   Thumb Code    18  stm32f10x_adc.o(.text)
    ADC_Cmd                                  0x08007097   Thumb Code    22  stm32f10x_adc.o(.text)
    ADC_DMACmd                               0x080070ad   Thumb Code    22  stm32f10x_adc.o(.text)
    ADC_ITConfig                             0x080070c3   Thumb Code    24  stm32f10x_adc.o(.text)
    ADC_ResetCalibration                     0x080070db   Thumb Code    10  stm32f10x_adc.o(.text)
    ADC_GetResetCalibrationStatus            0x080070e5   Thumb Code    20  stm32f10x_adc.o(.text)
    ADC_StartCalibration                     0x080070f9   Thumb Code    10  stm32f10x_adc.o(.text)
    ADC_GetCalibrationStatus                 0x08007103   Thumb Code    20  stm32f10x_adc.o(.text)
    ADC_SoftwareStartConvCmd                 0x08007117   Thumb Code    22  stm32f10x_adc.o(.text)
    ADC_GetSoftwareStartConvStatus           0x0800712d   Thumb Code    20  stm32f10x_adc.o(.text)
    ADC_DiscModeChannelCountConfig           0x08007141   Thumb Code    24  stm32f10x_adc.o(.text)
    ADC_DiscModeCmd                          0x08007159   Thumb Code    22  stm32f10x_adc.o(.text)
    ADC_RegularChannelConfig                 0x0800716f   Thumb Code   184  stm32f10x_adc.o(.text)
    ADC_ExternalTrigConvCmd                  0x08007227   Thumb Code    22  stm32f10x_adc.o(.text)
    ADC_GetConversionValue                   0x0800723d   Thumb Code     8  stm32f10x_adc.o(.text)
    ADC_GetDualModeConversionValue           0x08007245   Thumb Code     8  stm32f10x_adc.o(.text)
    ADC_AutoInjectedConvCmd                  0x0800724d   Thumb Code    22  stm32f10x_adc.o(.text)
    ADC_InjectedDiscModeCmd                  0x08007263   Thumb Code    22  stm32f10x_adc.o(.text)
    ADC_ExternalTrigInjectedConvConfig       0x08007279   Thumb Code    16  stm32f10x_adc.o(.text)
    ADC_ExternalTrigInjectedConvCmd          0x08007289   Thumb Code    22  stm32f10x_adc.o(.text)
    ADC_SoftwareStartInjectedConvCmd         0x0800729f   Thumb Code    22  stm32f10x_adc.o(.text)
    ADC_GetSoftwareStartInjectedConvCmdStatus 0x080072b5   Thumb Code    20  stm32f10x_adc.o(.text)
    ADC_InjectedChannelConfig                0x080072c9   Thumb Code   130  stm32f10x_adc.o(.text)
    ADC_InjectedSequencerLengthConfig        0x0800734b   Thumb Code    24  stm32f10x_adc.o(.text)
    ADC_SetInjectedOffset                    0x08007363   Thumb Code    20  stm32f10x_adc.o(.text)
    ADC_GetInjectedConversionValue           0x08007377   Thumb Code    28  stm32f10x_adc.o(.text)
    ADC_AnalogWatchdogCmd                    0x08007393   Thumb Code    16  stm32f10x_adc.o(.text)
    ADC_AnalogWatchdogThresholdsConfig       0x080073a3   Thumb Code     6  stm32f10x_adc.o(.text)
    ADC_AnalogWatchdogSingleChannelConfig    0x080073a9   Thumb Code    16  stm32f10x_adc.o(.text)
    ADC_TempSensorVrefintCmd                 0x080073b9   Thumb Code    64  stm32f10x_adc.o(.text)
    ADC_GetFlagStatus                        0x080073f9   Thumb Code    18  stm32f10x_adc.o(.text)
    ADC_ClearFlag                            0x0800740b   Thumb Code     6  stm32f10x_adc.o(.text)
    ADC_GetITStatus                          0x08007411   Thumb Code    36  stm32f10x_adc.o(.text)
    ADC_ClearITPendingBit                    0x08007435   Thumb Code    10  stm32f10x_adc.o(.text)
    __use_no_semihosting                     0x0800743f   Thumb Code     2  use_no_semi_2.o(.text)
    __2printf                                0x08007441   Thumb Code    20  noretval__2printf.o(.text)
    __printf                                 0x08007459   Thumb Code   104  __printf.o(.text)
    _printf_int_dec                          0x080074c1   Thumb Code   100  _printf_dec.o(.text)
    _printf_int_hex                          0x08007535   Thumb Code    84  _printf_hex_int.o(.text)
    _printf_longlong_hex                     0x08007535   Thumb Code     0  _printf_hex_int.o(.text)
    __use_two_region_memory                  0x0800758d   Thumb Code     2  heapauxi.o(.text)
    __rt_heap_escrow$2region                 0x0800758f   Thumb Code     2  heapauxi.o(.text)
    __rt_heap_expand$2region                 0x08007591   Thumb Code     2  heapauxi.o(.text)
    __I$use$semihosting                      0x08007593   Thumb Code     0  use_no_semi.o(.text)
    __use_no_semihosting_swi                 0x08007593   Thumb Code     2  use_no_semi.o(.text)
    _printf_int_common                       0x08007595   Thumb Code   178  _printf_intcommon.o(.text)
    __lib_sel_fp_printf                      0x08007647   Thumb Code     2  _printf_fp_dec.o(.text)
    _printf_fp_dec_real                      0x080077f5   Thumb Code   616  _printf_fp_dec.o(.text)
    _printf_char_file                        0x08007a5d   Thumb Code    32  _printf_char_file.o(.text)
    __rt_locale                              0x08007a81   Thumb Code     8  rt_locale_intlibspace.o(.text)
    _ll_udiv10                               0x08007a89   Thumb Code   138  lludiv10.o(.text)
    _printf_char_common                      0x08007b1f   Thumb Code    32  _printf_char_common.o(.text)
    _printf_fp_infnan                        0x08007b45   Thumb Code   112  _printf_fp_infnan.o(.text)
    _btod_etento                             0x08007bc5   Thumb Code   212  bigflt0.o(.text)
    ferror                                   0x08007c9d   Thumb Code     8  ferror.o(.text)
    __user_libspace                          0x08007ca5   Thumb Code     8  libspace.o(.text)
    __user_perproc_libspace                  0x08007ca5   Thumb Code     0  libspace.o(.text)
    __user_perthread_libspace                0x08007ca5   Thumb Code     0  libspace.o(.text)
    __user_setup_stackheap                   0x08007cad   Thumb Code    74  sys_stackheap_outer.o(.text)
    exit                                     0x08007cf7   Thumb Code    12  exit.o(.text)
    strcmp                                   0x08007d05   Thumb Code   128  strcmpv7m.o(.text)
    _btod_d2e                                0x08007d85   Thumb Code    62  btod.o(CL$$btod_d2e)
    _d2e_denorm_low                          0x08007dc3   Thumb Code    70  btod.o(CL$$btod_d2e_denorm_low)
    _d2e_norm_op1                            0x08007e09   Thumb Code    96  btod.o(CL$$btod_d2e_norm_op1)
    __btod_div_common                        0x08007e69   Thumb Code   696  btod.o(CL$$btod_div_common)
    _e2e                                     0x080081a1   Thumb Code   198  btod.o(CL$$btod_e2e)
    _btod_ediv                               0x08008267   Thumb Code    40  btod.o(CL$$btod_ediv)
    _btod_emul                               0x0800828f   Thumb Code    40  btod.o(CL$$btod_emul)
    __btod_mult_common                       0x080082b7   Thumb Code   580  btod.o(CL$$btod_mult_common)
    __ARM_fpclassify                         0x080084fb   Thumb Code    40  fpclassify.o(i.__ARM_fpclassify)
    _get_lc_numeric                          0x08008525   Thumb Code    44  lc_numeric_c.o(locale$$code)
    __aeabi_d2f                              0x08008551   Thumb Code     0  d2f.o(x$fpl$d2f)
    _d2f                                     0x08008551   Thumb Code    98  d2f.o(x$fpl$d2f)
    __aeabi_dadd                             0x080085b5   Thumb Code     0  daddsub_clz.o(x$fpl$dadd)
    _dadd                                    0x080085b5   Thumb Code   332  daddsub_clz.o(x$fpl$dadd)
    __aeabi_ddiv                             0x08008705   Thumb Code     0  ddiv.o(x$fpl$ddiv)
    _ddiv                                    0x08008705   Thumb Code   552  ddiv.o(x$fpl$ddiv)
    __aeabi_dmul                             0x080089b5   Thumb Code     0  dmul.o(x$fpl$dmul)
    _dmul                                    0x080089b5   Thumb Code   332  dmul.o(x$fpl$dmul)
    __fpl_dnaninf                            0x08008b09   Thumb Code   156  dnaninf.o(x$fpl$dnaninf)
    __fpl_dretinf                            0x08008ba5   Thumb Code    12  dretinf.o(x$fpl$dretinf)
    __aeabi_drsub                            0x08008bb1   Thumb Code     0  daddsub_clz.o(x$fpl$drsb)
    _drsb                                    0x08008bb1   Thumb Code    22  daddsub_clz.o(x$fpl$drsb)
    __aeabi_dsub                             0x08008bc9   Thumb Code     0  daddsub_clz.o(x$fpl$dsub)
    _dsub                                    0x08008bc9   Thumb Code   464  daddsub_clz.o(x$fpl$dsub)
    __aeabi_f2d                              0x08008d9d   Thumb Code     0  f2d.o(x$fpl$f2d)
    _f2d                                     0x08008d9d   Thumb Code    86  f2d.o(x$fpl$f2d)
    __aeabi_fadd                             0x08008df5   Thumb Code     0  faddsub_clz.o(x$fpl$fadd)
    _fadd                                    0x08008df5   Thumb Code   196  faddsub_clz.o(x$fpl$fadd)
    __aeabi_f2uiz                            0x08008eb9   Thumb Code     0  ffixu.o(x$fpl$ffixu)
    _ffixu                                   0x08008eb9   Thumb Code    62  ffixu.o(x$fpl$ffixu)
    __aeabi_ui2f                             0x08008ef9   Thumb Code     0  fflt_clz.o(x$fpl$ffltu)
    _ffltu                                   0x08008ef9   Thumb Code    38  fflt_clz.o(x$fpl$ffltu)
    __aeabi_fmul                             0x08008f21   Thumb Code     0  fmul.o(x$fpl$fmul)
    _fmul                                    0x08008f21   Thumb Code   258  fmul.o(x$fpl$fmul)
    __fpl_fnaninf                            0x08009023   Thumb Code   140  fnaninf.o(x$fpl$fnaninf)
    __fpl_fretinf                            0x080090af   Thumb Code    10  fretinf.o(x$fpl$fretinf)
    __aeabi_frsub                            0x080090b9   Thumb Code     0  faddsub_clz.o(x$fpl$frsb)
    _frsb                                    0x080090b9   Thumb Code    20  faddsub_clz.o(x$fpl$frsb)
    __aeabi_fsub                             0x080090cd   Thumb Code     0  faddsub_clz.o(x$fpl$fsub)
    _fsub                                    0x080090cd   Thumb Code   234  faddsub_clz.o(x$fpl$fsub)
    _printf_fp_dec                           0x080091b7   Thumb Code     4  printf1.o(x$fpl$printf1)
    __I$use$fp                               0x080091ba   Number         0  usenofp.o(x$fpl$usenofp)
    asc2_1206                                0x080091ba   Data        1140  lcd.o(.constdata)
    asc2_1608                                0x0800962e   Data        1520  lcd.o(.constdata)
    asc2_2412                                0x08009c1e   Data        3420  lcd.o(.constdata)
    Region$$Table$$Base                      0x0800aa38   Number         0  anon$$obj.o(Region$$Table)
    Region$$Table$$Limit                     0x0800aa58   Number         0  anon$$obj.o(Region$$Table)
    SystemCoreClock                          0x20000000   Data           4  system_stm32f10x.o(.data)
    AHBPrescTable                            0x20000004   Data          16  system_stm32f10x.o(.data)
    POINT_COLOR                              0x20000014   Data           2  lcd.o(.data)
    BACK_COLOR                               0x20000016   Data           2  lcd.o(.data)
    __stdout                                 0x2000001c   Data           4  usart.o(.data)
    USART_RX_STA                             0x20000020   Data           2  usart.o(.data)
    lcddev                                   0x20000038   Data          14  lcd.o(.bss)
    USART_RX_BUF                             0x20000046   Data         200  usart.o(.bss)
    __libspace_start                         0x20000110   Data          96  libspace.o(.bss)
    __temporary_stack_top$libspace           0x20000170   Data           0  libspace.o(.bss)



==============================================================================

Memory Map of the image

  Image Entry point : 0x08000131

  Load Region LR_IROM1 (Base: 0x08000000, Size: 0x0000aaac, Max: 0x00040000, ABSOLUTE)

    Execution Region ER_IROM1 (Base: 0x08000000, Size: 0x0000aa74, Max: 0x00040000, ABSOLUTE)

    Base Addr    Size         Type   Attr      Idx    E Section Name        Object

    0x08000000   0x00000130   Data   RO          243    RESET               startup_stm32f10x_hd.o
    0x08000130   0x00000008   Code   RO          369  * !!!main             c_w.l(__main.o)
    0x08000138   0x00000034   Code   RO          624    !!!scatter          c_w.l(__scatter.o)
    0x0800016c   0x0000001a   Code   RO          626    !!handler_copy      c_w.l(__scatter_copy.o)
    0x08000186   0x00000002   PAD
    0x08000188   0x0000001c   Code   RO          628    !!handler_zi        c_w.l(__scatter_zi.o)
    0x080001a4   0x00000000   Code   RO          366    .ARM.Collect$$_printf_percent$$00000000  c_w.l(_printf_percent.o)
    0x080001a4   0x00000006   Code   RO          365    .ARM.Collect$$_printf_percent$$00000003  c_w.l(_printf_f.o)
    0x080001aa   0x00000006   Code   RO          364    .ARM.Collect$$_printf_percent$$0000000A  c_w.l(_printf_u.o)
    0x080001b0   0x00000006   Code   RO          363    .ARM.Collect$$_printf_percent$$0000000C  c_w.l(_printf_x.o)
    0x080001b6   0x00000004   Code   RO          416    .ARM.Collect$$_printf_percent$$00000017  c_w.l(_printf_percent_end.o)
    0x080001ba   0x00000002   Code   RO          504    .ARM.Collect$$libinit$$00000000  c_w.l(libinit.o)
    0x080001bc   0x00000000   Code   RO          506    .ARM.Collect$$libinit$$00000002  c_w.l(libinit2.o)
    0x080001bc   0x00000000   Code   RO          509    .ARM.Collect$$libinit$$00000008  c_w.l(libinit2.o)
    0x080001bc   0x00000000   Code   RO          511    .ARM.Collect$$libinit$$0000000A  c_w.l(libinit2.o)
    0x080001bc   0x00000000   Code   RO          513    .ARM.Collect$$libinit$$0000000C  c_w.l(libinit2.o)
    0x080001bc   0x00000006   Code   RO          514    .ARM.Collect$$libinit$$0000000D  c_w.l(libinit2.o)
    0x080001c2   0x00000000   Code   RO          516    .ARM.Collect$$libinit$$0000000F  c_w.l(libinit2.o)
    0x080001c2   0x00000000   Code   RO          518    .ARM.Collect$$libinit$$00000011  c_w.l(libinit2.o)
    0x080001c2   0x00000000   Code   RO          520    .ARM.Collect$$libinit$$00000013  c_w.l(libinit2.o)
    0x080001c2   0x0000000a   Code   RO          521    .ARM.Collect$$libinit$$00000014  c_w.l(libinit2.o)
    0x080001cc   0x00000000   Code   RO          522    .ARM.Collect$$libinit$$00000015  c_w.l(libinit2.o)
    0x080001cc   0x00000000   Code   RO          524    .ARM.Collect$$libinit$$00000017  c_w.l(libinit2.o)
    0x080001cc   0x00000000   Code   RO          526    .ARM.Collect$$libinit$$00000019  c_w.l(libinit2.o)
    0x080001cc   0x00000000   Code   RO          528    .ARM.Collect$$libinit$$0000001B  c_w.l(libinit2.o)
    0x080001cc   0x00000000   Code   RO          530    .ARM.Collect$$libinit$$0000001D  c_w.l(libinit2.o)
    0x080001cc   0x00000000   Code   RO          532    .ARM.Collect$$libinit$$0000001F  c_w.l(libinit2.o)
    0x080001cc   0x00000000   Code   RO          534    .ARM.Collect$$libinit$$00000021  c_w.l(libinit2.o)
    0x080001cc   0x00000000   Code   RO          536    .ARM.Collect$$libinit$$00000023  c_w.l(libinit2.o)
    0x080001cc   0x00000000   Code   RO          540    .ARM.Collect$$libinit$$0000002A  c_w.l(libinit2.o)
    0x080001cc   0x00000000   Code   RO          542    .ARM.Collect$$libinit$$0000002C  c_w.l(libinit2.o)
    0x080001cc   0x00000000   Code   RO          544    .ARM.Collect$$libinit$$0000002E  c_w.l(libinit2.o)
    0x080001cc   0x00000000   Code   RO          546    .ARM.Collect$$libinit$$00000030  c_w.l(libinit2.o)
    0x080001cc   0x00000002   Code   RO          547    .ARM.Collect$$libinit$$00000031  c_w.l(libinit2.o)
    0x080001ce   0x00000002   Code   RO          575    .ARM.Collect$$libshutdown$$00000000  c_w.l(libshutdown.o)
    0x080001d0   0x00000000   Code   RO          585    .ARM.Collect$$libshutdown$$00000003  c_w.l(libshutdown2.o)
    0x080001d0   0x00000000   Code   RO          588    .ARM.Collect$$libshutdown$$00000006  c_w.l(libshutdown2.o)
    0x080001d0   0x00000000   Code   RO          591    .ARM.Collect$$libshutdown$$00000009  c_w.l(libshutdown2.o)
    0x080001d0   0x00000000   Code   RO          593    .ARM.Collect$$libshutdown$$0000000B  c_w.l(libshutdown2.o)
    0x080001d0   0x00000000   Code   RO          596    .ARM.Collect$$libshutdown$$0000000E  c_w.l(libshutdown2.o)
    0x080001d0   0x00000002   Code   RO          597    .ARM.Collect$$libshutdown$$0000000F  c_w.l(libshutdown2.o)
    0x080001d2   0x00000000   Code   RO          409    .ARM.Collect$$rtentry$$00000000  c_w.l(rtentry.o)
    0x080001d2   0x00000000   Code   RO          427    .ARM.Collect$$rtentry$$00000002  c_w.l(rtentry2.o)
    0x080001d2   0x00000006   Code   RO          439    .ARM.Collect$$rtentry$$00000004  c_w.l(rtentry4.o)
    0x080001d8   0x00000000   Code   RO          429    .ARM.Collect$$rtentry$$00000009  c_w.l(rtentry2.o)
    0x080001d8   0x00000004   Code   RO          430    .ARM.Collect$$rtentry$$0000000A  c_w.l(rtentry2.o)
    0x080001dc   0x00000000   Code   RO          432    .ARM.Collect$$rtentry$$0000000C  c_w.l(rtentry2.o)
    0x080001dc   0x00000008   Code   RO          433    .ARM.Collect$$rtentry$$0000000D  c_w.l(rtentry2.o)
    0x080001e4   0x00000002   Code   RO          548    .ARM.Collect$$rtexit$$00000000  c_w.l(rtexit.o)
    0x080001e6   0x00000000   Code   RO          555    .ARM.Collect$$rtexit$$00000002  c_w.l(rtexit2.o)
    0x080001e6   0x00000004   Code   RO          556    .ARM.Collect$$rtexit$$00000003  c_w.l(rtexit2.o)
    0x080001ea   0x00000006   Code   RO          557    .ARM.Collect$$rtexit$$00000004  c_w.l(rtexit2.o)
    0x080001f0   0x000003d0   Code   RO            1    .text               main.o
    0x080005c0   0x0000001a   Code   RO           74    .text               stm32f10x_it.o
    0x080005da   0x00000002   PAD
    0x080005dc   0x000001e0   Code   RO          109    .text               system_stm32f10x.o
    0x080007bc   0x00000050   Code   RO          127    .text               led.o
    0x0800080c   0x000058a4   Code   RO          139    .text               lcd.o
    0x080060b0   0x00000100   Code   RO          169    .text               tsensor.o
    0x080061b0   0x000000d4   Code   RO          181    .text               delay.o
    0x08006284   0x00000148   Code   RO          207    .text               usart.o
    0x080063cc   0x00000040   Code   RO          244    .text               startup_stm32f10x_hd.o
    0x0800640c   0x0000035c   Code   RO          248    .text               stm32f10x_gpio.o
    0x08006768   0x000003a4   Code   RO          260    .text               stm32f10x_rcc.o
    0x08006b0c   0x00000408   Code   RO          274    .text               stm32f10x_usart.o
    0x08006f14   0x000000dc   Code   RO          286    .text               misc.o
    0x08006ff0   0x0000044e   Code   RO          298    .text               stm32f10x_adc.o
    0x0800743e   0x00000002   Code   RO          312    .text               c_w.l(use_no_semi_2.o)
    0x08007440   0x00000018   Code   RO          316    .text               c_w.l(noretval__2printf.o)
    0x08007458   0x00000068   Code   RO          318    .text               c_w.l(__printf.o)
    0x080074c0   0x00000074   Code   RO          320    .text               c_w.l(_printf_dec.o)
    0x08007534   0x00000058   Code   RO          325    .text               c_w.l(_printf_hex_int.o)
    0x0800758c   0x00000006   Code   RO          367    .text               c_w.l(heapauxi.o)
    0x08007592   0x00000002   Code   RO          407    .text               c_w.l(use_no_semi.o)
    0x08007594   0x000000b2   Code   RO          410    .text               c_w.l(_printf_intcommon.o)
    0x08007646   0x00000416   Code   RO          412    .text               c_w.l(_printf_fp_dec.o)
    0x08007a5c   0x00000024   Code   RO          414    .text               c_w.l(_printf_char_file.o)
    0x08007a80   0x00000008   Code   RO          444    .text               c_w.l(rt_locale_intlibspace.o)
    0x08007a88   0x0000008a   Code   RO          446    .text               c_w.l(lludiv10.o)
    0x08007b12   0x00000002   PAD
    0x08007b14   0x00000030   Code   RO          448    .text               c_w.l(_printf_char_common.o)
    0x08007b44   0x00000080   Code   RO          450    .text               c_w.l(_printf_fp_infnan.o)
    0x08007bc4   0x000000d8   Code   RO          452    .text               c_w.l(bigflt0.o)
    0x08007c9c   0x00000008   Code   RO          477    .text               c_w.l(ferror.o)
    0x08007ca4   0x00000008   Code   RO          488    .text               c_w.l(libspace.o)
    0x08007cac   0x0000004a   Code   RO          491    .text               c_w.l(sys_stackheap_outer.o)
    0x08007cf6   0x0000000c   Code   RO          495    .text               c_w.l(exit.o)
    0x08007d02   0x00000002   PAD
    0x08007d04   0x00000080   Code   RO          497    .text               c_w.l(strcmpv7m.o)
    0x08007d84   0x0000003e   Code   RO          455    CL$$btod_d2e        c_w.l(btod.o)
    0x08007dc2   0x00000046   Code   RO          457    CL$$btod_d2e_denorm_low  c_w.l(btod.o)
    0x08007e08   0x00000060   Code   RO          456    CL$$btod_d2e_norm_op1  c_w.l(btod.o)
    0x08007e68   0x00000338   Code   RO          465    CL$$btod_div_common  c_w.l(btod.o)
    0x080081a0   0x000000c6   Code   RO          462    CL$$btod_e2e        c_w.l(btod.o)
    0x08008266   0x00000028   Code   RO          459    CL$$btod_ediv       c_w.l(btod.o)
    0x0800828e   0x00000028   Code   RO          458    CL$$btod_emul       c_w.l(btod.o)
    0x080082b6   0x00000244   Code   RO          464    CL$$btod_mult_common  c_w.l(btod.o)
    0x080084fa   0x00000028   Code   RO          486    i.__ARM_fpclassify  m_ws.l(fpclassify.o)
    0x08008522   0x00000002   PAD
    0x08008524   0x0000002c   Code   RO          482    locale$$code        c_w.l(lc_numeric_c.o)
    0x08008550   0x00000062   Code   RO          371    x$fpl$d2f           fz_ws.l(d2f.o)
    0x080085b2   0x00000002   PAD
    0x080085b4   0x00000150   Code   RO          373    x$fpl$dadd          fz_ws.l(daddsub_clz.o)
    0x08008704   0x000002b0   Code   RO          380    x$fpl$ddiv          fz_ws.l(ddiv.o)
    0x080089b4   0x00000154   Code   RO          383    x$fpl$dmul          fz_ws.l(dmul.o)
    0x08008b08   0x0000009c   Code   RO          417    x$fpl$dnaninf       fz_ws.l(dnaninf.o)
    0x08008ba4   0x0000000c   Code   RO          419    x$fpl$dretinf       fz_ws.l(dretinf.o)
    0x08008bb0   0x00000016   Code   RO          374    x$fpl$drsb          fz_ws.l(daddsub_clz.o)
    0x08008bc6   0x00000002   PAD
    0x08008bc8   0x000001d4   Code   RO          375    x$fpl$dsub          fz_ws.l(daddsub_clz.o)
    0x08008d9c   0x00000056   Code   RO          385    x$fpl$f2d           fz_ws.l(f2d.o)
    0x08008df2   0x00000002   PAD
    0x08008df4   0x000000c4   Code   RO          387    x$fpl$fadd          fz_ws.l(faddsub_clz.o)
    0x08008eb8   0x0000003e   Code   RO          393    x$fpl$ffixu         fz_ws.l(ffixu.o)
    0x08008ef6   0x00000002   PAD
    0x08008ef8   0x00000026   Code   RO          397    x$fpl$ffltu         fz_ws.l(fflt_clz.o)
    0x08008f1e   0x00000002   PAD
    0x08008f20   0x00000102   Code   RO          403    x$fpl$fmul          fz_ws.l(fmul.o)
    0x08009022   0x0000008c   Code   RO          421    x$fpl$fnaninf       fz_ws.l(fnaninf.o)
    0x080090ae   0x0000000a   Code   RO          423    x$fpl$fretinf       fz_ws.l(fretinf.o)
    0x080090b8   0x00000014   Code   RO          388    x$fpl$frsb          fz_ws.l(faddsub_clz.o)
    0x080090cc   0x000000ea   Code   RO          389    x$fpl$fsub          fz_ws.l(faddsub_clz.o)
    0x080091b6   0x00000004   Code   RO          405    x$fpl$printf1       fz_ws.l(printf1.o)
    0x080091ba   0x00000000   Code   RO          425    x$fpl$usenofp       fz_ws.l(usenofp.o)
    0x080091ba   0x000017c0   Data   RO          141    .constdata          lcd.o
    0x0800a97a   0x00000028   Data   RO          326    .constdata          c_w.l(_printf_hex_int.o)
    0x0800a9a2   0x00000002   PAD
    0x0800a9a4   0x00000094   Data   RO          453    .constdata          c_w.l(bigflt0.o)
    0x0800aa38   0x00000020   Data   RO          622    Region$$Table       anon$$obj.o
    0x0800aa58   0x0000001c   Data   RO          481    locale$$data        c_w.l(lc_numeric_c.o)


    Execution Region RW_IRAM1 (Base: 0x20000000, Size: 0x00000770, Max: 0x0000c000, ABSOLUTE)

    Base Addr    Size         Type   Attr      Idx    E Section Name        Object

    0x20000000   0x00000014   Data   RW          110    .data               system_stm32f10x.o
    0x20000014   0x00000004   Data   RW          142    .data               lcd.o
    0x20000018   0x00000004   Data   RW          182    .data               delay.o
    0x2000001c   0x00000006   Data   RW          209    .data               usart.o
    0x20000022   0x00000014   Data   RW          261    .data               stm32f10x_rcc.o
    0x20000036   0x00000002   PAD
    0x20000038   0x0000000e   Zero   RW          140    .bss                lcd.o
    0x20000046   0x000000c8   Zero   RW          208    .bss                usart.o
    0x2000010e   0x00000002   PAD
    0x20000110   0x00000060   Zero   RW          489    .bss                c_w.l(libspace.o)
    0x20000170   0x00000200   Zero   RW          242    HEAP                startup_stm32f10x_hd.o
    0x20000370   0x00000400   Zero   RW          241    STACK               startup_stm32f10x_hd.o


==============================================================================

Image component sizes


      Code (inc. data)   RO Data    RW Data    ZI Data      Debug   Object Name

         0          0          0          0          0         32   core_cm3.o
       212         18          0          4          0        951   delay.o
     22692        204       6080          4         14      23568   lcd.o
        80          8          0          0          0        463   led.o
       976        244          0          0          0     241999   main.o
       220         22          0          0          0       1737   misc.o
        64         26        304          0       1536        768   startup_stm32f10x_hd.o
      1102         26          0          0          0      10769   stm32f10x_adc.o
       860         38          0          0          0       5581   stm32f10x_gpio.o
        26          0          0          0          0       1146   stm32f10x_it.o
       932         36          0         20          0       8716   stm32f10x_rcc.o
      1032         22          0          0          0       8304   stm32f10x_usart.o
       480         38          0         20          0       1643   system_stm32f10x.o
       256          4          0          0          0       1232   tsensor.o
       328         18          0          6        200       3062   usart.o

    ----------------------------------------------------------------------
     29262        704       6416         56       1752     309971   Object Totals
         0          0         32          0          0          0   (incl. Generated)
         2          0          0          2          2          0   (incl. Padding)

    ----------------------------------------------------------------------

      Code (inc. data)   RO Data    RW Data    ZI Data      Debug   Library Member Name

         8          0          0          0          0         68   __main.o
       104          0          0          0          0         84   __printf.o
        52          8          0          0          0          0   __scatter.o
        26          0          0          0          0          0   __scatter_copy.o
        28          0          0          0          0          0   __scatter_zi.o
        48          6          0          0          0         96   _printf_char_common.o
        36          4          0          0          0         80   _printf_char_file.o
       116         16          0          0          0         92   _printf_dec.o
         6          0          0          0          0          0   _printf_f.o
      1046          0          0          0          0        216   _printf_fp_dec.o
       128         16          0          0          0         84   _printf_fp_infnan.o
        88          4         40          0          0         88   _printf_hex_int.o
       178          0          0          0          0         88   _printf_intcommon.o
         0          0          0          0          0          0   _printf_percent.o
         4          0          0          0          0          0   _printf_percent_end.o
         6          0          0          0          0          0   _printf_u.o
         6          0          0          0          0          0   _printf_x.o
       216          4        148          0          0         96   bigflt0.o
      1910        128          0          0          0        672   btod.o
        12          0          0          0          0         72   exit.o
         8          0          0          0          0         68   ferror.o
         6          0          0          0          0        152   heapauxi.o
        44         10         28          0          0         76   lc_numeric_c.o
         2          0          0          0          0          0   libinit.o
        18          0          0          0          0          0   libinit2.o
         2          0          0          0          0          0   libshutdown.o
         2          0          0          0          0          0   libshutdown2.o
         8          4          0          0         96         68   libspace.o
       138          0          0          0          0         80   lludiv10.o
        24          4          0          0          0         84   noretval__2printf.o
         8          4          0          0          0         68   rt_locale_intlibspace.o
         0          0          0          0          0          0   rtentry.o
        12          0          0          0          0          0   rtentry2.o
         6          0          0          0          0          0   rtentry4.o
         2          0          0          0          0          0   rtexit.o
        10          0          0          0          0          0   rtexit2.o
       128          0          0          0          0         68   strcmpv7m.o
        74          0          0          0          0         80   sys_stackheap_outer.o
         2          0          0          0          0         68   use_no_semi.o
         2          0          0          0          0         68   use_no_semi_2.o
        98          4          0          0          0         92   d2f.o
       826         16          0          0          0        348   daddsub_clz.o
       688        140          0          0          0        208   ddiv.o
       340         12          0          0          0        104   dmul.o
       156          4          0          0          0         92   dnaninf.o
        12          0          0          0          0         68   dretinf.o
        86          4          0          0          0         84   f2d.o
       450          8          0          0          0        236   faddsub_clz.o
        62          4          0          0          0         84   ffixu.o
        38          0          0          0          0         68   fflt_clz.o
       258          4          0          0          0         84   fmul.o
       140          4          0          0          0         84   fnaninf.o
        10          0          0          0          0         68   fretinf.o
         4          0          0          0          0         68   printf1.o
         0          0          0          0          0          0   usenofp.o
        40          0          0          0          0         68   fpclassify.o

    ----------------------------------------------------------------------
      7740        408        218          0         96       4372   Library Totals
        18          0          2          0          0          0   (incl. Padding)

    ----------------------------------------------------------------------

      Code (inc. data)   RO Data    RW Data    ZI Data      Debug   Library Name

      4514        208        216          0         96       2616   c_w.l
      3168        200          0          0          0       1688   fz_ws.l
        40          0          0          0          0         68   m_ws.l

    ----------------------------------------------------------------------
      7740        408        218          0         96       4372   Library Totals

    ----------------------------------------------------------------------

==============================================================================


      Code (inc. data)   RO Data    RW Data    ZI Data      Debug   

     37002       1112       6634         56       1848     310907   Grand Totals
     37002       1112       6634         56       1848     310907   ELF Image Totals
     37002       1112       6634         56          0          0   ROM Totals

==============================================================================

    Total RO  Size (Code + RO Data)                43636 (  42.61kB)
    Total RW  Size (RW Data + ZI Data)              1904 (   1.86kB)
    Total ROM Size (Code + RO Data + RW Data)      43692 (  42.67kB)

==============================================================================

